Added States: 
Emergency stop: press Ctrl+C (or Ctrl+Q on Windows).
Generating the story arc and beats based on story.txt
Asking LM Studio to replace C:\Users\J\AppData\Local\Temp\minimax-acceptance-0uhnhpqy\repo\beats.txt with 8 creative story beats.

=== Macro arc generation attempt 1/10 ===
Requesting macro arc (attempt 1, response attempt 1/10).
{'events': [{'id': 'event_1', 'event': '<Picture 1> Amy is at home on a normal day, wearing a tight black tank top and denim jeans, cooking breakfast for her young kids.', 'beat_number': 1, 'state_effects': [{'op': 'set_clothing', 'entity': 'Amy', 'slot': 'upper', 'item': 'tight black tank top', 'damage': 'none'}, {'op': 'set_clothing', 'entity': 'Amy', 'slot': 'lower', 'item': 'denim jeans', 'damage': 'none'}]}, {'id': 'event_2', 'event': 'A zombie breaks the kitchen door window and Amy sees the danger.', 'beat_number': 2, 'depends_on': ['event_1']}, {'id': 'event_3', 'event': 'Amy rushes her kids to the basement, gets them inside, and then locks the door. She retrieves her hidden arsenal consisting of a pistol and a katana.', 'beat_number': 3, 'depends_on': ['event_2']}, {'id': 'event_4', 'event': 'Amy equips the weapons.', 'beat_number': 4, 'depends_on': ['event_3']}, {'id': 'event_5', 'event': 'Amy kills (dismembering, decapitating, etc.) zombies as they try and attack her.', 'beat_number': 5, 'depends_on': ['event_4']}, {'id': 'event_6', 'event': 'Amy kills more zombies as they try and attack her.', 'beat_number': 6, 'depends_on': ['event_5']}, {'id': 'event_7', 'event': 'Amy kills even more zombies as they try and attack her.', 'beat_number': 7, 'depends_on': ['event_6']}, {'id': 'event_8', 'event': 'Amy kills the last of the zombies, her house now soaked in blood. She lets her kids out of the basement.', 'beat_number': 8, 'depends_on': ['event_7']}]}
Validating macro arc (attempt 1, response attempt 1/10).
Macro arc validation: INVALID — Explicit source majority sequence is under-allocated: The majority of the film is Amy killing (dismembering, decapitating, etc.) zombies as they try and attack her. is materially represented in 3/8 beats; more than half is required.
Repairing macro arc.
Validating macro arc (attempt 2, response attempt 1/10).
Macro arc validation: INVALID — Explicit source majority sequence is under-allocated: The majority of the film is Amy killing (dismembering, decapitating, etc.) zombies as they try and attack her. is materially represented in 3/8 beats; more than half is required.
Repairing macro arc.
Validating macro arc (attempt 3, response attempt 1/10).
Macro arc validation: INVALID — Explicit source majority sequence is under-allocated: The majority of the film is Amy killing (dismembering, decapitating, etc.) zombies as they try and attack her. is materially represented in 4/8 beats; more than half is required.
Applied focused ARC majority tail repair.
Validating macro arc (attempt 4, response attempt 1/10).
Macro arc validation: INVALID — Explicit source majority sequence is under-allocated: The majority of the film is Amy killing (dismembering, decapitating, etc.) zombies as they try and attack her. is materially represented in 4/8 beats; more than half is required.
Applied focused ARC majority tail repair.
Validating macro arc (attempt 5, response attempt 1/10).
Macro arc validation: INVALID — Explicit source majority sequence is under-allocated: The majority of the film is Amy killing (dismembering, decapitating, etc.) zombies as they try and attack her. is materially represented in 4/8 beats; more than half is required.
Applied focused ARC majority tail repair.
Validating macro arc (attempt 6, response attempt 1/10).
Macro arc validation: INVALID — Explicit source majority sequence is under-allocated: The majority of the film is Amy killing (dismembering, decapitating, etc.) zombies as they try and attack her. is materially represented in 4/8 beats; more than half is required.
Applied focused ARC majority tail repair.
Validating macro arc (attempt 7, response attempt 1/10).
Macro arc validation: INVALID — Explicit source majority sequence is under-allocated: The majority of the film is Amy killing (dismembering, decapitating, etc.) zombies as they try and attack her. is materially represented in 4/8 beats; more than half is required.
Applied focused ARC majority tail repair.
Validating macro arc (attempt 8, response attempt 1/10).
Macro arc validation: INVALID — Explicit source majority sequence is under-allocated: The majority of the film is Amy killing (dismembering, decapitating, etc.) zombies as they try and attack her. is materially represented in 4/8 beats; more than half is required.
Applied focused ARC majority tail repair.
Validating macro arc (attempt 9, response attempt 1/10).
Macro arc validation: INVALID — Explicit source majority sequence is under-allocated: The majority of the film is Amy killing (dismembering, decapitating, etc.) zombies as they try and attack her. is materially represented in 4/8 beats; more than half is required.
Applied focused ARC majority tail repair.
Validating macro arc (attempt 10, response attempt 1/10).
Macro arc validation: INVALID — Explicit source majority sequence is under-allocated: The majority of the film is Amy killing (dismembering, decapitating, etc.) zombies as they try and attack her. is materially represented in 4/8 beats; more than half is required.
Applied focused ARC majority tail repair.
Macro arc validation/repair budget exhausted; restarting the arc from creation.
Requesting macro arc (attempt 2, response attempt 1/10).
{'events': [{'id': 'event_1', 'event': '<Picture 1> Amy is at home on a normal day, wearing a tight black tank top and denim jeans, cooking breakfast for her young kids.', 'beat_number': 1, 'state_effects': [{'op': 'set_clothing', 'entity': 'Amy', 'slot': 'upper', 'item': 'tight black tank top', 'damage': 'none'}, {'op': 'set_clothing', 'entity': 'Amy', 'slot': 'lower', 'item': 'denim jeans', 'damage': 'none'}]}, {'id': 'event_2', 'event': 'A zombie breaks the kitchen door window and Amy sees the danger.', 'beat_number': 2, 'depends_on': ['event_1']}, {'id': 'event_3', 'event': 'Amy rushes her kids to the basement, gets them inside, and then locks the door. She retrieves her hidden arsenal consisting of a pistol and a katana.', 'beat_number': 3, 'depends_on': ['event_2']}, {'id': 'event_4', 'event': 'Amy equips the weapons.', 'beat_number': 4, 'depends_on': ['event_3']}, {'id': 'event_5', 'event': 'Amy kills a group of zombies as they try and attack her.', 'beat_number': 5, 'depends_on': ['event_4']}, {'id': 'event_6', 'event': 'Amy kills another group of zombies as they try and attack her.', 'beat_number': 6, 'depends_on': ['event_5']}, {'id': 'event_7', 'event': 'Amy kills the last of the zombies, her house now soaked in blood.', 'beat_number': 7, 'depends_on': ['event_6']}, {'id': 'event_8', 'event': 'Amy lets her kids out of the basement.', 'beat_number': 8, 'depends_on': ['event_7']}]}
Validating macro arc (attempt 1, response attempt 1/10).
Macro arc validation: INVALID — Explicit source majority sequence is under-allocated: The majority of the film is Amy killing (dismembering, decapitating, etc.) zombies as they try and attack her. is materially represented in 3/8 beats; more than half is required.
Repairing macro arc.
Validating macro arc (attempt 2, response attempt 1/10).
Macro arc validation: INVALID — The event 'Amy checks on Will and Amber to ensure they are safe.' is not explicitly mentioned in the source story.
Repairing macro arc.
Validating macro arc (attempt 3, response attempt 1/10).
Macro arc validation: INVALID — Explicit source majority sequence is under-allocated: The majority of the film is Amy killing (dismembering, decapitating, etc.) zombies as they try and attack her. is materially represented in 3/8 beats; more than half is required.
Repairing macro arc.
Validating macro arc (attempt 4, response attempt 1/10).
Macro arc validation: INVALID — Explicit source majority sequence is under-allocated: The majority of the film is Amy killing (dismembering, decapitating, etc.) zombies as they try and attack her. is materially represented in 4/8 beats; more than half is required.
Applied focused ARC majority tail repair.
Validating macro arc (attempt 5, response attempt 1/10).
Macro arc validation: INVALID — Explicit source majority sequence is under-allocated: The majority of the film is Amy killing (dismembering, decapitating, etc.) zombies as they try and attack her. is materially represented in 4/8 beats; more than half is required.
Applied focused ARC majority tail repair.
Validating macro arc (attempt 6, response attempt 1/10).
Macro arc validation: VALID
Saved validated story arc to C:\Users\J\AppData\Local\Temp\minimax-acceptance-0uhnhpqy\repo\story_arc.json.
Generating macro phase 1 (1 beats, global beats 1-1 of 8).
Requesting beats for phase 1 (attempt 1/10).
Accepted macro phase 1; collected 1/8 beats.
Generating macro phase 2 (1 beats, global beats 2-2 of 8).
Requesting beats for phase 2 (attempt 1/10).
Accepted macro phase 2; collected 2/8 beats.
Generating macro phase 3 (1 beats, global beats 3-3 of 8).
Requesting beats for phase 3 (attempt 1/10).
Accepted macro phase 3; collected 3/8 beats.
Generating macro phase 4 (1 beats, global beats 4-4 of 8).
Requesting beats for phase 4 (attempt 1/10).
Accepted macro phase 4; collected 4/8 beats.
Generating macro phase 5 (1 beats, global beats 5-5 of 8).
Requesting beats for phase 5 (attempt 1/10).
Accepted macro phase 5; collected 5/8 beats.
Generating macro phase 6 (1 beats, global beats 6-6 of 8).
Requesting beats for phase 6 (attempt 1/10).
Accepted macro phase 6; collected 6/8 beats.
Generating macro phase 7 (1 beats, global beats 7-7 of 8).
Requesting beats for phase 7 (attempt 1/10).
Accepted macro phase 7; collected 7/8 beats.
Generating macro phase 8 (1 beats, global beats 8-8 of 8).
Requesting beats for phase 8 (attempt 1/10).
Accepted macro phase 8; collected 8/8 beats.
Beat 1 jobs: current=event_1 - <Picture 1> Amy is at home on a normal day, wearing a tight black tank top and denim jeans, cooking breakfast for her young kids.; next=event_2 - A zombie breaks the kitchen door window and Amy sees the danger.; completed before=none; pending before=event_1, event_2, event_3, event_4, event_5, event_6, event_7, event_8
Validating Beat 1 (attempt 1/10) with the single beat validator.
Beat 1 validation attempt 1/10: VALID; issue: none
Required event event_1 applied persistent state: set_clothing = {"op": "set_clothing", "entity": "Amy", "slot": "upper", "item": "tight black tank top", "damage": "none"}
Required event event_1 applied persistent state: set_clothing = {"op": "set_clothing", "entity": "Amy", "slot": "lower", "item": "denim jeans", "damage": "none"}
Beat 1 accepted and finalized; committed required events: event_1; completed after=event_1
Beat 2 jobs: current=event_2 - A zombie breaks the kitchen door window and Amy sees the danger.; next=event_3 - Amy rushes her kids to the basement, gets them inside, locks the door, retrieves her hidden arsenal consisting of a pistol and a katana, and equips the weapons.; completed before=event_1; pending before=event_2, event_3, event_4, event_5, event_6, event_7, event_8
Validating Beat 2 (attempt 1/10) with the single beat validator.
Beat 2 validation attempt 1/10: VALID; issue: none
Beat 2 accepted and finalized; committed required events: event_2; completed after=event_1, event_2
Beat 3 jobs: current=event_3 - Amy rushes her kids to the basement, gets them inside, locks the door, retrieves her hidden arsenal consisting of a pistol and a katana, and equips the weapons.; next=event_4 - Amy kills a group of zombies as they try and attack her.; completed before=event_1, event_2; pending before=event_3, event_4, event_5, event_6, event_7, event_8
Validating Beat 3 (attempt 1/10) with the single beat validator.
Beat 3 validation attempt 1/10: VALID; issue: none
Beat 3 accepted and finalized; committed required events: event_3; completed after=event_1, event_2, event_3
Beat 4 jobs: current=event_4 - Amy kills a group of zombies as they try and attack her.; next=event_5 - Amy kills another group of zombies as they try and attack her.; completed before=event_1, event_2, event_3; pending before=event_4, event_5, event_6, event_7, event_8
Validating Beat 4 (attempt 1/10) with the single beat validator.
Beat 4 validation attempt 1/10: VALID; issue: none
Beat 4 accepted and finalized; committed required events: event_4; completed after=event_1, event_2, event_3, event_4
Beat 5 jobs: current=event_5 - Amy kills another group of zombies as they try and attack her.; next=event_6 - Amy kills a third group of zombies as they try and attack her.; completed before=event_1, event_2, event_3, event_4; pending before=event_5, event_6, event_7, event_8
Validating Beat 5 (attempt 1/10) with the single beat validator.
Beat 5 validation attempt 1/10: VALID; issue: none
Beat 5 accepted and finalized; committed required events: event_5; completed after=event_1, event_2, event_3, event_4, event_5
Beat 6 jobs: current=event_6 - Amy kills a third group of zombies as they try and attack her.; next=event_7 - Amy kills another group of zombies as they try and attack her, but more keep coming.; completed before=event_1, event_2, event_3, event_4, event_5; pending before=event_6, event_7, event_8
Validating Beat 6 (attempt 1/10) with the single beat validator.
Beat 6 validation attempt 1/10: VALID; issue: none
Beat 6 accepted and finalized; committed required events: event_6; completed after=event_1, event_2, event_3, event_4, event_5, event_6
Beat 7 jobs: current=event_7 - Amy kills another group of zombies as they try and attack her, but more keep coming.; next=event_8 - Amy kills the last of the zombies. Her house is soaked in blood, and she lets her kids out of the basement.; completed before=event_1, event_2, event_3, event_4, event_5, event_6; pending before=event_7, event_8
Validating Beat 7 (attempt 1/10) with the single beat validator.
Beat 7 validation attempt 1/10: VALID; issue: none
Beat 7 accepted and finalized; committed required events: event_7; completed after=event_1, event_2, event_3, event_4, event_5, event_6, event_7
Beat 8 jobs: current=event_8 - Amy kills the last of the zombies. Her house is soaked in blood, and she lets her kids out of the basement.; next=none; completed before=event_1, event_2, event_3, event_4, event_5, event_6, event_7; pending before=event_8
Validating Beat 8 (attempt 1/10) with the single beat validator.
Beat 8 validation attempt 1/10: VALID; issue: none
Beat 8 accepted and finalized; committed required events: event_8; completed after=event_1, event_2, event_3, event_4, event_5, event_6, event_7, event_8
Story arc and beats generated successfully.
