Added States: 
Emergency stop: press Ctrl+C (or Ctrl+Q on Windows).
Generating the story arc and beats based on story.txt
Asking LM Studio to replace C:\Users\J\AppData\Local\Temp\minimax-acceptance-hmfo4ehf\repo\beats.txt with 8 creative story beats.
Expanded story saved to C:\Users\J\AppData\Local\Temp\minimax-acceptance-hmfo4ehf\repo\expanded_story.txt.
Expanded story:
Amy flips eggs in the skillet while Will’s bright‑eyed laughter fills the small kitchen. Amber reaches for a spoon, her cheeks rosy from the morning sun streaming through the window. The house feels ordinary, the hum of appliances like a gentle lullaby.

A sudden crack at the front door slams open, and a groaning zombie steps inside, its eyes fixed on the family’s breakfast table. Amy freezes in mid‑stir, then grabs Will’s small backpack and pulls Amber by her hand toward the back hallway.

She pushes them through the back door into the shed behind the house—her hidden safe spot—and slams the metal gate shut with a clank that echoes down the porch. The kids cling to each other as Amy leans against the latch, breathing hard in the cool dusk air.

Amy steps back into the kitchen, wiping her palms on a towel and taking a quick glance at the window. She slips past the pantry shelf, sliding open a hidden compartment where she keeps a pistol and a katana—her quiet arsenal for when ordinary days turn deadly.

The zombie shuffles toward the kitchen doorway, eyes flicking to Amy’s silhouette. The first one lunges; she fires her pistol, the bullet finding bone and splattering flesh across the countertop. She swings the katana in a swift arc, slicing its neck cleanly as it falls with a wet thud.

Another zombie appears at the back of the kitchen, clawing at the doorframe. Amy pulls her gun again, shooting a headshot that sends the creature toppling over the stove. A third one bursts from the pantry, and she swings the katana like a sword, slicing its ribs open before it collapses in a heap.

The rhythm repeats: zombie lunges, Amy fires or slashes—one after another—each attack punctuated by the clatter of metal on bone. More zombies keep arriving through cracks at the door; one shuffles from the hallway, another splats against the window frame. She keeps her eyes on each new threat, her movements precise and relentless.

When the last zombie drops to its side with a final thud—its head crumpled beneath the kitchen tiles—Amy lifts her pistol for one last quick shot at the nearest creature before it collapses in another pile of gray flesh.

She turns toward the shed’s back door, breathing heavily but steady. With a swift motion she pushes Will and Amber out from behind the gate, holding them close as they step into the evening light together, their laughter echoing once again through the quiet house.
Story-derived Beat framework created with 8 beats.
Beat 1 created: Amy flips eggs in the skillet while Will’s bright‑eyed laughter fills the small kitchen, Amber reaches for a spoon as morning sun streams through the window and the house hums like a gentle lullaby.
Beat 2 created: A sudden crack at the front door slams open, a groaning zombie steps inside with eyes fixed on the breakfast table, Amy freezes mid‑stir, grabs Will’s small backpack, and pulls Amber by her hand toward the back hallway.
Beat 3 created: They push through the back door into the shed behind the house—her hidden safe spot—and slam the metal gate shut with a clank that echoes down the porch while the kids cling to each other as Amy leans against the latch, breathing hard in the cool dusk air.
Beat 4 created: Amy steps back into the kitchen, wipes her palms on a towel, takes a quick glance at the window, and slides open a hidden compartment where she keeps a pistol and a katana—her quiet arsenal for when ordinary days turn deadly.
Beat 5 created: The zombie shuffles toward the kitchen doorway; it lunges first, Amy fires her pistol hitting bone and splattering flesh across the countertop, then swings the katana in a swift arc slicing its neck cleanly as it falls with a wet thud.
Beat 6 created: Another zombie appears at the back of the kitchen, clawing at the doorframe; Amy pulls her gun again, shooting a headshot that sends the creature toppling over the stove, while a third bursts from the pantry and she swings the katana like a sword, slicing its ribs open before it collapses in a heap.
Beat 7 created: The rhythm repeats: zombie lunges, Amy fires or slashes—one after another—each attack punctuated by the clatter of metal on bone as more zombies keep arriving through cracks at the door and from the hallway until the last one drops to its side with a final thud.
Beat 8 created: She lifts her pistol for one last quick shot at the nearest creature before it collapses in another pile of gray flesh, turns toward the shed’s back door breathing heavily but steady, pushes Will and Amber out from behind the gate holding them close as they step into the evening light together with laughter echoing once again through the quiet house.
Beat 1 jobs: current=E1 - Amy flips eggs in the skillet while Will’s bright‑eyed laughter fills the small kitchen, Amber reaches for a spoon as morning sun streams through the window and the house hums like a gentle lullaby.; next=E2 - A sudden crack at the front door slams open, a groaning zombie steps inside with eyes fixed on the breakfast table, Amy freezes mid‑stir, grabs Will’s small backpack, and pulls Amber by her hand toward the back hallway.; completed before=none; pending before=E1, E2, E3, E4, E5, E6, E7, E8
Validating Beat 1 (attempt 1/10) with the single beat validator.
Beat 1 validation attempt 1/10: VALID; issue: none
Beat 1 finite-endpoint attempt 1/10: INVALID; issue: Finite assigned activity is still underway and has no observable completion endpoint.
Validating Beat 1 (attempt 2/10) with the single beat validator.
Beat 1 validation attempt 2/10: VALID; issue: none
Checking Beat 1 within-beat physical coherence (attempt 2/10).
Beat 1 coherence attempt 2/10: VALID.
Beat 1 observed persistent state: {"characters": {"Amy": {"location": "kitchen"}, "Will": {"location": "kitchen"}, "Amber": {"location": "kitchen"}}, "environment": {"objects": {"skillet": {"held_by": null, "position_on_stove": true}, "spoon": {"held_by": "Amber", "in_use": false}}, "windows": {"window1": {"sunlight_streams_through_window": true}}}}
Beat 1 accepted: Amy finishes flipping the eggs in the skillet as Will’s bright‑eyed laughter fills the small kitchen, while Amber reaches for a spoon and the morning sun streams through the window, turning the house into a gentle lullaby.
Beat 1 accepted and finalized; committed required events: E1; completed after=E1
Beat 2 jobs: current=E2 - A sudden crack at the front door slams open, a groaning zombie steps inside with eyes fixed on the breakfast table, Amy freezes mid‑stir, grabs Will’s small backpack, and pulls Amber by her hand toward the back hallway.; next=E3 - They push through the back door into the shed behind the house—her hidden safe spot—and slam the metal gate shut with a clank that echoes down the porch while the kids cling to each other as Amy leans against the latch, breathing hard in the cool dusk air.; completed before=E1; pending before=E2, E3, E4, E5, E6, E7, E8
Validating Beat 2 (attempt 1/10) with the single beat validator.
Beat 2 validation attempt 1/10: VALID; issue: none
Checking Beat 2 within-beat physical coherence (attempt 1/10).
Beat 2 coherence attempt 1/10: VALID.
Beat 2 observed persistent state: {"characters": {"Amber": {"location": "back hallway"}}, "environment": {"objects": {"small_backpack": {"held_by": "Amy"}}}}
Beat 2 accepted: A sudden crack at the front door slams open, a groaning zombie steps inside with eyes fixed on the breakfast table, Amy freezes mid‑stir, grabs Will’s small backpack, and pulls Amber by her hand toward the back hallway.
Beat 2 accepted and finalized; committed required events: E2; completed after=E1, E2
Beat 3 jobs: current=E3 - They push through the back door into the shed behind the house—her hidden safe spot—and slam the metal gate shut with a clank that echoes down the porch while the kids cling to each other as Amy leans against the latch, breathing hard in the cool dusk air.; next=E4 - Amy steps back into the kitchen, wipes her palms on a towel, takes a quick glance at the window, and slides open a hidden compartment where she keeps a pistol and a katana—her quiet arsenal for when ordinary days turn deadly.; completed before=E1, E2; pending before=E3, E4, E5, E6, E7, E8
Validating Beat 3 (attempt 1/10) with the single beat validator.
Beat 3 validation attempt 1/10: VALID; issue: none
Checking Beat 3 within-beat physical coherence (attempt 1/10).
Beat 3 coherence attempt 1/10: VALID.
Beat 3 observed persistent state: {"characters": {"Amy": {"location": "shed"}, "Will": {"location": "shed"}, "Amber": {"location": "shed"}}, "environment": {"doors": {"back_door": {"status": "closed"}}}}
Beat 3 accepted: They push through the back door into the shed behind the house—her hidden safe spot—and slam the metal gate shut with a clank that echoes down the porch while the kids cling to each other as Amy leans against the latch, breathing hard in the cool dusk air.
Beat 3 accepted and finalized; committed required events: E3; completed after=E1, E2, E3
Beat 4 jobs: current=E4 - Amy steps back into the kitchen, wipes her palms on a towel, takes a quick glance at the window, and slides open a hidden compartment where she keeps a pistol and a katana—her quiet arsenal for when ordinary days turn deadly.; next=E5 - The zombie shuffles toward the kitchen doorway; it lunges first, Amy fires her pistol hitting bone and splattering flesh across the countertop, then swings the katana in a swift arc slicing its neck cleanly as it falls with a wet thud.; completed before=E1, E2, E3; pending before=E4, E5, E6, E7, E8
Validating Beat 4 (attempt 1/10) with the single beat validator.
Beat 4 validation attempt 1/10: VALID; issue: none
Checking Beat 4 within-beat physical coherence (attempt 1/10).
Beat 4 coherence attempt 1/10: VALID.
Beat 4 observed persistent state: {"characters": {"Amy": {"location": "kitchen"}}, "environment": {"objects": {"pistol": {"held_by": null, "position_in_kitchen": "hidden_compartment"}, "katana": {"held_by": null, "position_in_kitchen": "hidden_compartment"}}}}
Beat 4 accepted: Amy steps back into the kitchen, wipes her palms on a towel, takes a quick glance at the window, and slides open a hidden compartment where she keeps a pistol and a katana—her quiet arsenal for when ordinary days turn deadly.
Beat 4 accepted and finalized; committed required events: E4; completed after=E1, E2, E3, E4
Beat 5 jobs: current=E5 - The zombie shuffles toward the kitchen doorway; it lunges first, Amy fires her pistol hitting bone and splattering flesh across the countertop, then swings the katana in a swift arc slicing its neck cleanly as it falls with a wet thud.; next=E6 - Another zombie appears at the back of the kitchen, clawing at the doorframe; Amy pulls her gun again, shooting a headshot that sends the creature toppling over the stove, while a third bursts from the pantry and she swings the katana like a sword, slicing its ribs open before it collapses in a heap.; completed before=E1, E2, E3, E4; pending before=E5, E6, E7, E8
Validating Beat 5 (attempt 1/10) with the single beat validator.
Beat 5 validation attempt 1/10: VALID; issue: none
Checking Beat 5 within-beat physical coherence (attempt 1/10).
Beat 5 coherence attempt 1/10: VALID.
FATAL: prompt-generation run stopped at first real failure: BeatGenerationError: Beat generation failed before the video workflow could start: Beat state patch root 'threats' must be an object.
Traceback (most recent call last):
  File "C:\Users\J\AppData\Local\Temp\minimax-acceptance-hmfo4ehf\repo\minimax.py", line 30202, in _run_main
    beats = load_or_generate_beats(
            ^^^^^^^^^^^^^^^^^^^^^^^
  File "C:\Users\J\AppData\Local\Temp\minimax-acceptance-hmfo4ehf\repo\minimax.py", line 18533, in load_or_generate_beats
    return generate_beats_via_story_expansion(
           ^^^^^^^^^^^^^^^^^^^^^^^^^^^^^^^^^^^
  File "C:\Users\J\AppData\Local\Temp\minimax-acceptance-hmfo4ehf\repo\minimax.py", line 17384, in generate_beats_via_story_expansion
    return _run_forward_beat_validation(
           ^^^^^^^^^^^^^^^^^^^^^^^^^^^^^
  File "C:\Users\J\AppData\Local\Temp\minimax-acceptance-hmfo4ehf\repo\minimax.py", line 12780, in _run_forward_beat_validation
    observed_patch = extract_accepted_beat_state_patch(
                     ^^^^^^^^^^^^^^^^^^^^^^^^^^^^^^^^^^
  File "C:\Users\J\AppData\Local\Temp\minimax-acceptance-hmfo4ehf\repo\minimax.py", line 10618, in extract_accepted_beat_state_patch
    return parse_accepted_beat_state_patch(
           ^^^^^^^^^^^^^^^^^^^^^^^^^^^^^^^^
  File "C:\Users\J\AppData\Local\Temp\minimax-acceptance-hmfo4ehf\repo\minimax.py", line 10593, in parse_accepted_beat_state_patch
    return persistent_beat_state_patch(
           ^^^^^^^^^^^^^^^^^^^^^^^^^^^^
  File "C:\Users\J\AppData\Local\Temp\minimax-acceptance-hmfo4ehf\repo\minimax.py", line 10462, in persistent_beat_state_patch
    normalized = _python_owned_state_patch(normalize_beat_state_patch(patch))
                                           ^^^^^^^^^^^^^^^^^^^^^^^^^^^^^^^^^
  File "C:\Users\J\AppData\Local\Temp\minimax-acceptance-hmfo4ehf\repo\minimax.py", line 9234, in normalize_beat_state_patch
    raise ValueError(f"Beat state patch root {root!r} must be an object.")
ValueError: Beat state patch root 'threats' must be an object.

The above exception was the direct cause of the following exception:

Traceback (most recent call last):
  File "C:\Users\J\AppData\Local\Temp\minimax-acceptance-hmfo4ehf\repo\minimax.py", line 32051, in main
    return _run_main(
           ^^^^^^^^^^
  File "C:\Users\J\AppData\Local\Temp\minimax-acceptance-hmfo4ehf\repo\minimax.py", line 30229, in _run_main
    raise BeatGenerationError(
BeatGenerationError: Beat generation failed before the video workflow could start: Beat state patch root 'threats' must be an object.
Traceback (most recent call last):
  File "C:\Users\J\AppData\Local\Temp\minimax-acceptance-hmfo4ehf\repo\minimax.py", line 30202, in _run_main
    beats = load_or_generate_beats(
            ^^^^^^^^^^^^^^^^^^^^^^^
  File "C:\Users\J\AppData\Local\Temp\minimax-acceptance-hmfo4ehf\repo\minimax.py", line 18533, in load_or_generate_beats
    return generate_beats_via_story_expansion(
           ^^^^^^^^^^^^^^^^^^^^^^^^^^^^^^^^^^^
  File "C:\Users\J\AppData\Local\Temp\minimax-acceptance-hmfo4ehf\repo\minimax.py", line 17384, in generate_beats_via_story_expansion
    return _run_forward_beat_validation(
           ^^^^^^^^^^^^^^^^^^^^^^^^^^^^^
  File "C:\Users\J\AppData\Local\Temp\minimax-acceptance-hmfo4ehf\repo\minimax.py", line 12780, in _run_forward_beat_validation
    observed_patch = extract_accepted_beat_state_patch(
                     ^^^^^^^^^^^^^^^^^^^^^^^^^^^^^^^^^^
  File "C:\Users\J\AppData\Local\Temp\minimax-acceptance-hmfo4ehf\repo\minimax.py", line 10618, in extract_accepted_beat_state_patch
    return parse_accepted_beat_state_patch(
           ^^^^^^^^^^^^^^^^^^^^^^^^^^^^^^^^
  File "C:\Users\J\AppData\Local\Temp\minimax-acceptance-hmfo4ehf\repo\minimax.py", line 10593, in parse_accepted_beat_state_patch
    return persistent_beat_state_patch(
           ^^^^^^^^^^^^^^^^^^^^^^^^^^^^
  File "C:\Users\J\AppData\Local\Temp\minimax-acceptance-hmfo4ehf\repo\minimax.py", line 10462, in persistent_beat_state_patch
    normalized = _python_owned_state_patch(normalize_beat_state_patch(patch))
                                           ^^^^^^^^^^^^^^^^^^^^^^^^^^^^^^^^^
  File "C:\Users\J\AppData\Local\Temp\minimax-acceptance-hmfo4ehf\repo\minimax.py", line 9234, in normalize_beat_state_patch
    raise ValueError(f"Beat state patch root {root!r} must be an object.")
ValueError: Beat state patch root 'threats' must be an object.

The above exception was the direct cause of the following exception:

Traceback (most recent call last):
  File "C:\Users\J\AppData\Local\Temp\minimax-acceptance-hmfo4ehf\repo\minimax.py", line 32123, in <module>
    main()
  File "C:\Users\J\AppData\Local\Temp\minimax-acceptance-hmfo4ehf\repo\minimax.py", line 32051, in main
    return _run_main(
           ^^^^^^^^^^
  File "C:\Users\J\AppData\Local\Temp\minimax-acceptance-hmfo4ehf\repo\minimax.py", line 30229, in _run_main
    raise BeatGenerationError(
BeatGenerationError: Beat generation failed before the video workflow could start: Beat state patch root 'threats' must be an object.
