Added States: 
Emergency stop: press Ctrl+C (or Ctrl+Q on Windows).
Generating the story arc and beats based on story.txt
Asking LM Studio to replace C:\Users\J\AppData\Local\Temp\minimax-acceptance-6eviad1r\repo\beats.txt with 8 creative story beats.

=== Macro arc generation attempt 1/10 ===
Requesting macro arc (attempt 1, response attempt 1/10).
{'events': [{'id': '@1', 'event': 'Amy is at home on a normal day, cooking breakfast for her young kids.', 'beat_number': 1, 'depends_on': []}, {'id': '@2', 'event': 'A zombie breaks the kitchen door window; Amy sees the danger and rushes her kids to the basement, gets them inside, then locks the door.', 'beat_number': 2, 'depends_on': ['@1']}, {'id': '@3', 'event': 'Amy retrieves her hidden arsenal of a pistol and a katana; she equips both weapons.', 'beat_number': 3, 'depends_on': ['@2']}, {'id': '@4', 'event': 'Amy kills zombies as they try to attack her.', 'beat_number': 4, 'depends_on': ['@3']}, {'id': '@5', 'event': 'Amy kills more zombies as they try to attack her.', 'beat_number': 5, 'depends_on': ['@4']}, {'id': '@6', 'event': 'Amy kills further zombies as they try to attack her.', 'beat_number': 6, 'depends_on': ['@5']}, {'id': '@7', 'event': 'Amy continues killing zombies as they try to attack her.', 'beat_number': 7, 'depends_on': ['@6']}, {'id': '@8', 'event': 'Amy kills the last of the zombies; her house is now soaked in blood. She lets her kids out of the basement.', 'beat_number': 8, 'depends_on': ['@7']}]}
Validating macro arc (attempt 1, response attempt 1/10).
Macro arc validation: VALID
Saved validated story arc to C:\Users\J\AppData\Local\Temp\minimax-acceptance-6eviad1r\repo\story_arc.json.
Generating macro phase 1 (1 beats, global beats 1-1 of 8).
Requesting beats for phase 1 (attempt 1/10).
Accepted macro phase 1; collected 1/8 beats.
Generating macro phase 2 (1 beats, global beats 2-2 of 8).
Requesting beats for phase 2 (attempt 1/10).
Accepted macro phase 2; collected 2/8 beats.
Generating macro phase 3 (1 beats, global beats 3-3 of 8).
Requesting beats for phase 3 (attempt 1/10).
Accepted macro phase 3; collected 3/8 beats.
Generating macro phase 4 (1 beats, global beats 4-4 of 8).
Requesting beats for phase 4 (attempt 1/10).
Accepted macro phase 4; collected 4/8 beats.
Generating macro phase 5 (1 beats, global beats 5-5 of 8).
Requesting beats for phase 5 (attempt 1/10).
Accepted macro phase 5; collected 5/8 beats.
Generating macro phase 6 (1 beats, global beats 6-6 of 8).
Requesting beats for phase 6 (attempt 1/10).
Accepted macro phase 6; collected 6/8 beats.
Generating macro phase 7 (1 beats, global beats 7-7 of 8).
Requesting beats for phase 7 (attempt 1/10).
Accepted macro phase 7; collected 7/8 beats.
Generating macro phase 8 (1 beats, global beats 8-8 of 8).
Requesting beats for phase 8 (attempt 1/10).
Accepted macro phase 8; collected 8/8 beats.
Beat 1 jobs: current=@1 - Amy is at home on a normal day, cooking breakfast for her young kids.; next=@2 - A zombie breaks the kitchen door window; Amy sees the danger and rushes her kids to the basement, gets them inside, then locks the door.; completed before=none; pending before=@1, @2, @3, @4, @5, @6, @7, @8
Validating Beat 1 (attempt 1/10) with the single beat validator.
Beat 1 validation attempt 1/10: VALID; issue: none
Beat 1 accepted and finalized; committed required events: @1; completed after=@1
Beat 2 jobs: current=@2 - A zombie breaks the kitchen door window; Amy sees the danger and rushes her kids to the basement, gets them inside, then locks the door.; next=@3 - Amy retrieves her hidden arsenal of a pistol and a katana; she equips both weapons.; completed before=@1; pending before=@2, @3, @4, @5, @6, @7, @8
Validating Beat 2 (attempt 1/10) with the single beat validator.
Beat 2 validation attempt 1/10: VALID; issue: none
Beat 2 accepted and finalized; committed required events: @2; completed after=@1, @2
Beat 3 jobs: current=@3 - Amy retrieves her hidden arsenal of a pistol and a katana; she equips both weapons.; next=@4 - Amy kills zombies as they try to attack her.; completed before=@1, @2; pending before=@3, @4, @5, @6, @7, @8
Validating Beat 3 (attempt 1/10) with the single beat validator.
Beat 3 validation attempt 1/10: VALID; issue: none
Beat 3 accepted and finalized; committed required events: @3; completed after=@1, @2, @3
Beat 4 jobs: current=@4 - Amy kills zombies as they try to attack her.; next=@5 - Amy kills more zombies as they try to attack her.; completed before=@1, @2, @3; pending before=@4, @5, @6, @7, @8
Validating Beat 4 (attempt 1/10) with the single beat validator.
Beat 4 validation attempt 1/10: VALID; issue: none
Beat 4 accepted and finalized; committed required events: @4; completed after=@1, @2, @3, @4
Beat 5 jobs: current=@5 - Amy kills more zombies as they try to attack her.; next=@6 - Amy kills further zombies as they try to attack her.; completed before=@1, @2, @3, @4; pending before=@5, @6, @7, @8
Validating Beat 5 (attempt 1/10) with the single beat validator.
Beat 5 validation attempt 1/10: VALID; issue: none
Beat 5 accepted and finalized; committed required events: @5; completed after=@1, @2, @3, @4, @5
Beat 6 jobs: current=@6 - Amy kills further zombies as they try to attack her.; next=@7 - Amy continues killing zombies as they try to attack her.; completed before=@1, @2, @3, @4, @5; pending before=@6, @7, @8
Validating Beat 6 (attempt 1/10) with the single beat validator.
Beat 6 validation attempt 1/10: VALID; issue: none
Beat 6 accepted and finalized; committed required events: @6; completed after=@1, @2, @3, @4, @5, @6
Beat 7 jobs: current=@7 - Amy continues killing zombies as they try to attack her.; next=@8 - Amy kills the last of the zombies; her house is now soaked in blood. She lets her kids out of the basement.; completed before=@1, @2, @3, @4, @5, @6; pending before=@7, @8
Validating Beat 7 (attempt 1/10) with the single beat validator.
Beat 7 validation attempt 1/10: VALID; issue: none
Beat 7 accepted and finalized; committed required events: @7; completed after=@1, @2, @3, @4, @5, @6, @7
Beat 8 jobs: current=@8 - Amy kills the last of the zombies; her house is now soaked in blood. She lets her kids out of the basement.; next=none; completed before=@1, @2, @3, @4, @5, @6, @7; pending before=@8
Validating Beat 8 (attempt 1/10) with the single beat validator.
Beat 8 validation attempt 1/10: VALID; issue: none
Beat 8 accepted and finalized; committed required events: @8; completed after=@1, @2, @3, @4, @5, @6, @7, @8
Story arc and beats generated successfully.
