Added States: 
Emergency stop: press Ctrl+C (or Ctrl+Q on Windows).
Generating the story arc and beats based on story.txt
Asking LM Studio to replace C:\Users\J\AppData\Local\Temp\minimax-acceptance-6vpes43z\repo\beats.txt with 8 creative story beats.

=== Source-span planning attempt 1/10 ===
Source span 1 [0:110]: A realistic action film about a woman, Amy, protecting her two kids (Will and Amber) from a zombie apocalypse.
Source span 2 [111:229]: Amy is at home on a normal day, wearing a tight, black tank top and denim jeans, cooking breakfast for her young kids.
Source span 3 [230:304]: Suddenly, a zombie breaks the kitchen door window and Amy sees the danger.
Source span 4 [305:384]: She rushes her kids to the basement, gets them inside, and then locks the door.
Source span 5 [385:454]: She retrieves her hidden arsenal consisting of a pistol and a katana.
Source span 6 [455:478]: She equips the weapons.
Source span 7 [480:590]: The majority of the film is Amy killing (dismembering, decapitating, etc.) zombies as they try and attack her.
Source span 8 [591:656]: Amy kills the last of the zombies, her house now soaked in blood.
Source span 9 [657:695]: She lets her kids out of the basement.
Terminal check span 1: NO
Terminal check span 2: NO
Hard-reset check span 2: NO
Terminal check span 3: NO
Hard-reset check span 3: NO
Terminal check span 4: NO
Hard-reset check span 4: NO
Terminal check span 5: NO
Hard-reset check span 5: NO
Terminal check span 6: NO
Hard-reset check span 6: NO
Terminal check span 7: NO
Hard-reset check span 7: NO
Terminal check span 8: YES
Hard-reset check span 8: NO
Terminal check span 9: NO
Hard-reset check span 9: NO
Event 1 requires a concrete on-screen event: NO
Event 2 requires a concrete on-screen event: YES
Event 3 requires a concrete on-screen event: YES
Event 4 requires a concrete on-screen event: YES
Event 5 requires a concrete on-screen event: YES
Event 6 requires a concrete on-screen event: YES
Event 7 requires a concrete on-screen event: YES
Event 8 requires a concrete on-screen event: YES
Event 9 requires a concrete on-screen event: YES
Source-unit local relation:
LEFT source span 2 [111:229]: Amy is at home on a normal day, wearing a tight, black tank top and denim jeans, cooking breakfast for her young kids.
RIGHT source span 3 [230:304]: Suddenly, a zombie breaks the kitchen door window and Amy sees the danger.
Result: MERGE
Source-unit local relation:
LEFT source span 3 [230:304]: Suddenly, a zombie breaks the kitchen door window and Amy sees the danger.
RIGHT source span 4 [305:384]: She rushes her kids to the basement, gets them inside, and then locks the door.
Result: NEW_TASK
Source-unit local relation:
LEFT source span 4 [305:384]: She rushes her kids to the basement, gets them inside, and then locks the door.
RIGHT source span 5 [385:454]: She retrieves her hidden arsenal consisting of a pistol and a katana.
Result: NEW_TASK
Source-unit local relation:
LEFT source span 5 [385:454]: She retrieves her hidden arsenal consisting of a pistol and a katana.
RIGHT source span 6 [455:478]: She equips the weapons.
Result: MERGE
Source-unit local relation:
LEFT source span 8 [591:656]: Amy kills the last of the zombies, her house now soaked in blood.
RIGHT source span 9 [657:695]: She lets her kids out of the basement.
Result: NEW_TASK
Source unit 1 state effects:
Source span: A realistic action film about a woman, Amy, protecting her two kids (Will and Amber) from a zombie apocalypse.
Result: []
Source unit 2 state effects:
Source span: Amy is at home on a normal day, wearing a tight, black tank top and denim jeans, cooking breakfast for her young kids.
Result: [{"op": "set_clothing", "entity": "Amy", "slot": "upper", "item": "black tank top", "damage": "none"}, {"op": "set_clothing", "entity": "Amy", "slot": "lower", "item": "denim jeans", "damage": "none"}, {"op": "set_location", "entity": "Amy", "value": "home"}]
Source unit 3 state effects:
Source span: Suddenly, a zombie breaks the kitchen door window and Amy sees the danger.
Result: [{"op": "set_barrier_state", "entity": "kitchen door window", "value": "broken"}]
Source unit 4 state effects:
Source span: She rushes her kids to the basement, gets them inside, and then locks the door.
Result: [{"op": "set_containment", "entity": "Will", "container": "basement", "value": "contained"}, {"op": "set_containment", "entity": "Amber", "container": "basement", "value": "contained"}, {"op": "set_barrier_state", "entity": "door", "value": "locked"}, {"op": "set_location", "entity": "Will", "value": "basement"}, {"op": "set_location", "entity": "Amber", "value": "basement"}]
Source unit 5 state effects:
Source span: She retrieves her hidden arsenal consisting of a pistol and a katana.
Result: [{"op": "set_item_state", "entity": "pistol", "owner": "Amy", "value": "held"}, {"op": "set_item_state", "entity": "katana", "owner": "Amy", "value": "held"}]
Source unit 6 state effects:
Source span: She equips the weapons.
Result: [{"op": "set_item_state", "entity": "pistol", "owner": "Amy", "value": "equipped"}, {"op": "set_item_state", "entity": "katana", "owner": "Amy", "value": "equipped"}]
Source unit 7 state effects:
Source span: The majority of the film is Amy killing (dismembering, decapitating, etc.) zombies as they try and attack her.
Result: [{"op": "set_threat_state", "entity": "zombies", "value": "dead"}]
Source unit 8 state effects:
Source span: Amy kills the last of the zombies, her house now soaked in blood.
Result: [{"op": "set_threat_state", "entity": "zombie", "value": "removed"}, {"op": "set_condition", "entity": "house", "value": "soaked in blood"}]
Source unit 9 state effects:
Source span: She lets her kids out of the basement.
Result: [{"op": "set_containment", "entity": "Will", "container": "basement", "value": "free"}, {"op": "set_containment", "entity": "Amber", "container": "basement", "value": "free"}]
Source-span planner produced 2 chapter(s): chapter 1=6 beats, chapter 2=2 beats
Saved story arc to C:\Users\J\AppData\Local\Temp\minimax-acceptance-6vpes43z\repo\story_arc.json.
Generating macro phase 1 (6 beats, global beats 1-6 of 8).
Requesting beats for phase 1 (attempt 1/10).
Beat 1 created: Amy cooks breakfast for Will and Amber while wearing a tight black tank top and denim jeans; a zombie shatters the kitchen door window, alerting Amy to danger.
Beat 2 created: Amy pulls Will and Amber into the basement, pushes them through the stairwell, and slams the basement door shut.
Beat 3 created: Amy retrieves a pistol from a hidden drawer and grips a katana stored in the closet; she equips both weapons before confronting zombies.
Beat 4 created: A zombie lunges at the basement door; Amy decapitates the zombie with the katana while standing on the stairwell landing.
Beat 5 created: Another zombie bursts through the kitchen window; Amy dismembers the zombie's torso with her pistol and then slashes it again with the katana.
Beat 6 created: The last zombie approaches the basement entrance; Amy slices its head off, leaving blood soaked in the house.
Accepted macro phase 1; collected 6/8 beats.
Generating macro phase 2 (2 beats, global beats 7-8 of 8).
Requesting beats for phase 2 (attempt 1/10).
Beat 7 created: Amy fires her pistol at a horde of zombies, then slashes each with her katana until all are dead, splattering blood across every surface.
Beat 8 created: Amy unlocks the basement door and opens it wide, guiding Will and Amber up onto the kitchen floor.
Accepted macro phase 2; collected 8/8 beats.
Beat 1 jobs: current=E1 - Amy is at home on a normal day, wearing a tight, black tank top and denim jeans, cooking breakfast for her young kids. Suddenly, a zombie breaks the kitchen door window and Amy sees the danger.; next=E2 - She rushes her kids to the basement, gets them inside, and then locks the door.; completed before=none; pending before=E1, E2, E3, E4, E5, E6, E7, E8
Validating Beat 1 (attempt 1/10) with the single beat validator.
Beat 1 validation attempt 1/10: VALID; issue: none
Beat 1 finite-endpoint attempt 1/10: INVALID; issue: Finite assigned activity is still underway and has no observable completion endpoint.
Beat 1 created: Amy cooks breakfast for Will and Amber while wearing a tight black tank top and denim jeans, finishing the omelette on the stove; a zombie shatters the kitchen door window, alerting Amy to danger.
Validating Beat 1 (attempt 2/10) with the single beat validator.
Beat 1 validation attempt 2/10: VALID; issue: none
Checking Beat 1 within-beat physical coherence (attempt 2/10).
Beat 1 coherence attempt 2/10: VALID.
Required event E1 applied persistent state: set_clothing = {"op": "set_clothing", "entity": "Amy", "slot": "upper", "item": "black tank top", "damage": "none"}
Required event E1 applied persistent state: set_clothing = {"op": "set_clothing", "entity": "Amy", "slot": "lower", "item": "denim jeans", "damage": "none"}
Required event E1 applied persistent state: set_location = {"op": "set_location", "entity": "Amy", "value": "home"}
Required event E1 applied persistent state: set_barrier_state = {"op": "set_barrier_state", "entity": "kitchen door window", "value": "broken"}
Beat 1 accepted: Amy cooks breakfast for Will and Amber while wearing a tight black tank top and denim jeans, finishing the omelette on the stove; a zombie shatters the kitchen door window, alerting Amy to danger.
Beat 1 accepted and finalized; committed required events: E1; completed after=E1
Beat 2 jobs: current=E2 - She rushes her kids to the basement, gets them inside, and then locks the door.; next=E3 - She retrieves her hidden arsenal consisting of a pistol and a katana. She equips the weapons.; completed before=E1; pending before=E2, E3, E4, E5, E6, E7, E8
Validating Beat 2 (attempt 1/10) with the single beat validator.
Beat 2 validation attempt 1/10: VALID; issue: none
Checking Beat 2 within-beat physical coherence (attempt 1/10).
Beat 2 coherence attempt 1/10: VALID.
Required event E2 applied persistent state: set_containment = {"op": "set_containment", "entity": "Will", "container": "basement", "value": "contained"}
Required event E2 applied persistent state: set_containment = {"op": "set_containment", "entity": "Amber", "container": "basement", "value": "contained"}
Required event E2 applied persistent state: set_barrier_state = {"op": "set_barrier_state", "entity": "door", "value": "locked"}
Required event E2 applied persistent state: set_location = {"op": "set_location", "entity": "Will", "value": "basement"}
Required event E2 applied persistent state: set_location = {"op": "set_location", "entity": "Amber", "value": "basement"}
Beat 2 accepted: Amy pulls Will and Amber into the basement, pushes them through the stairwell, and slams the basement door shut.
Beat 2 accepted and finalized; committed required events: E2; completed after=E1, E2
Beat 3 jobs: current=E3 - She retrieves her hidden arsenal consisting of a pistol and a katana. She equips the weapons.; next=E4 - The majority of the film is Amy killing (dismembering, decapitating, etc.) zombies as they try and attack her.; completed before=E1, E2; pending before=E3, E4, E5, E6, E7, E8
Validating Beat 3 (attempt 1/10) with the single beat validator.
Beat 3 validation attempt 1/10: VALID; issue: none
Checking Beat 3 within-beat physical coherence (attempt 1/10).
Beat 3 coherence attempt 1/10: VALID.
Required event E3 applied persistent state: set_item_state = {"op": "set_item_state", "entity": "pistol", "owner": "Amy", "value": "held"}
Required event E3 applied persistent state: set_item_state = {"op": "set_item_state", "entity": "katana", "owner": "Amy", "value": "held"}
Required event E3 applied persistent state: set_item_state = {"op": "set_item_state", "entity": "pistol", "owner": "Amy", "value": "equipped"}
Required event E3 applied persistent state: set_item_state = {"op": "set_item_state", "entity": "katana", "owner": "Amy", "value": "equipped"}
Beat 3 accepted: Amy retrieves a pistol from a hidden drawer and grips a katana stored in the closet; she equips both weapons before confronting zombies.
Beat 3 accepted and finalized; committed required events: E3; completed after=E1, E2, E3
Beat 4 jobs: current=E4 - The majority of the film is Amy killing (dismembering, decapitating, etc.) zombies as they try and attack her.; next=E5 - The majority of the film is Amy killing (dismembering, decapitating, etc.) zombies as they try and attack her.; completed before=E1, E2, E3; pending before=E4, E5, E6, E7, E8
Validating Beat 4 (attempt 1/10) with the single beat validator.
Beat 4 validation attempt 1/10: VALID; issue: none
Checking Beat 4 within-beat physical coherence (attempt 1/10).
Beat 4 coherence attempt 1/10: VALID.
Beat 4 accepted: A zombie lunges at the basement door; Amy decapitates the zombie with the katana while standing on the stairwell landing.
Beat 4 accepted and finalized; committed required events: E4; completed after=E1, E2, E3, E4
Beat 5 jobs: current=E5 - The majority of the film is Amy killing (dismembering, decapitating, etc.) zombies as they try and attack her.; next=E6 - The majority of the film is Amy killing (dismembering, decapitating, etc.) zombies as they try and attack her.; completed before=E1, E2, E3, E4; pending before=E5, E6, E7, E8
Validating Beat 5 (attempt 1/10) with the single beat validator.
Beat 5 validation attempt 1/10: VALID; issue: none
Checking Beat 5 within-beat physical coherence (attempt 1/10).
Beat 5 coherence attempt 1/10: INVALID; issue: The zombie’s torso is dismembered with the pistol and then slashed again with the katana—removing the same part twice in one beat.
Beat 5 created: Another zombie bursts through the kitchen window; Amy dismembers the zombie's torso with her pistol and then slashes its head with the katana.
Validating Beat 5 (attempt 2/10) with the single beat validator.
Beat 5 validation attempt 2/10: VALID; issue: none
Checking Beat 5 within-beat physical coherence (attempt 2/10).
Beat 5 coherence attempt 2/10: VALID.
Beat 5 accepted: Another zombie bursts through the kitchen window; Amy dismembers the zombie's torso with her pistol and then slashes its head with the katana.
Beat 5 accepted and finalized; committed required events: E5; completed after=E1, E2, E3, E4, E5
Beat 6 jobs: current=E6 - The majority of the film is Amy killing (dismembering, decapitating, etc.) zombies as they try and attack her.; next=E7 - Amy kills the last of the zombies, her house now soaked in blood.; completed before=E1, E2, E3, E4, E5; pending before=E6, E7, E8
Validating Beat 6 (attempt 1/10) with the single beat validator.
Beat 6 validation attempt 1/10: VALID; issue: none
Checking Beat 6 within-beat physical coherence (attempt 1/10).
Beat 6 coherence attempt 1/10: VALID.
Required event E6 applied persistent state: set_threat_state = {"op": "set_threat_state", "entity": "zombies", "value": "dead"}
Beat 6 accepted: The last zombie approaches the basement entrance; Amy slices its head off, leaving blood soaked in the house.
Beat 6 accepted and finalized; committed required events: E6; completed after=E1, E2, E3, E4, E5, E6
Beat 7 jobs: current=E7 - Amy kills the last of the zombies, her house now soaked in blood.; next=E8 - She lets her kids out of the basement.; completed before=E1, E2, E3, E4, E5, E6; pending before=E7, E8
Validating Beat 7 (attempt 1/10) with the single beat validator.
Beat 7 validation attempt 1/10: INVALID; issue: Amy kills a horde, not the single last zombie required by the current job.
Beat 7 created: Amy fires her pistol at the last zombie, then slashes it with her katana until it is dead, splattering blood across every surface.
Validating Beat 7 (attempt 2/10) with the single beat validator.
Beat 7 validation attempt 2/10: VALID; issue: none
Checking Beat 7 within-beat physical coherence (attempt 2/10).
Beat 7 coherence attempt 2/10: INVALID; issue: Duplicate killing of the same zombie without a prior restoration or regeneration.
Beat 7 created: Amy fires her pistol at the last zombie, killing it and splattering blood across every surface.
Validating Beat 7 (attempt 3/10) with the single beat validator.
Beat 7 validation attempt 3/10: VALID; issue: none
Checking Beat 7 within-beat physical coherence (attempt 3/10).
Beat 7 coherence attempt 3/10: INVALID; issue: Repeats killing the same zombie that was already sliced off in the previous beat.
Beat 7 created: Amy fires her pistol at a fresh zombie, killing it and splattering blood across every surface.
Validating Beat 7 (attempt 4/10) with the single beat validator.
Beat 7 validation attempt 4/10: VALID; issue: none
Checking Beat 7 within-beat physical coherence (attempt 4/10).
Beat 7 coherence attempt 4/10: VALID.
Required event E7 applied persistent state: set_threat_state = {"op": "set_threat_state", "entity": "zombie", "value": "removed"}
Required event E7 applied persistent state: set_condition = {"op": "set_condition", "entity": "house", "value": "soaked in blood"}
Beat 7 accepted: Amy fires her pistol at a fresh zombie, killing it and splattering blood across every surface.
Beat 7 accepted and finalized; committed required events: E7; completed after=E1, E2, E3, E4, E5, E6, E7
Beat 8 jobs: current=E8 - She lets her kids out of the basement.; next=none; completed before=E1, E2, E3, E4, E5, E6, E7; pending before=E8
Validating Beat 8 (attempt 1/10) with the single beat validator.
Beat 8 validation attempt 1/10: VALID; issue: none
Checking Beat 8 within-beat physical coherence (attempt 1/10).
Beat 8 coherence attempt 1/10: VALID.
Required event E8 applied persistent state: set_containment = {"op": "set_containment", "entity": "Will", "container": "basement", "value": "free"}
Required event E8 applied persistent state: set_containment = {"op": "set_containment", "entity": "Amber", "container": "basement", "value": "free"}
Beat 8 accepted: Amy unlocks the basement door and opens it wide, guiding Will and Amber up onto the kitchen floor.
Beat 8 accepted and finalized; committed required events: E8; completed after=E1, E2, E3, E4, E5, E6, E7, E8
Story arc and beats generated successfully.
