Added States: 
Emergency stop: press Ctrl+C (or Ctrl+Q on Windows).
Generating the story arc and beats based on story.txt
Asking LM Studio to replace C:\Users\J\AppData\Local\Temp\minimax-acceptance-_y3bzain\repo\beats.txt with 8 creative story beats.

=== Source-span planning attempt 1/10 ===
Source-span planner produced 4 chapter(s): chapter 1=1 beats, chapter 2=3 beats, chapter 3=2 beats, chapter 4=2 beats
Saved story arc to C:\Users\J\AppData\Local\Temp\minimax-acceptance-_y3bzain\repo\story_arc.json.
Generating macro phase 1 (1 beats, global beats 1-1 of 8).
Requesting beats for phase 1 (attempt 1/10).
Accepted macro phase 1; collected 1/8 beats.
Generating macro phase 2 (3 beats, global beats 2-4 of 8).
Requesting beats for phase 2 (attempt 1/10).
Accepted macro phase 2; collected 4/8 beats.
Generating macro phase 3 (2 beats, global beats 5-6 of 8).
Requesting beats for phase 3 (attempt 1/10).
Accepted macro phase 3; collected 6/8 beats.
Generating macro phase 4 (2 beats, global beats 7-8 of 8).
Requesting beats for phase 4 (attempt 1/10).
Accepted macro phase 4; collected 8/8 beats.
Beat 1 jobs: current=E1 - A realistic action film about a woman, Amy, protecting her two kids (Will and Amber) from a zombie apocalypse.; next=E2 - Amy is at home on a normal day, wearing a tight, black tank top and denim jeans, cooking breakfast for her young kids.; completed before=none; pending before=E1, E2, E3, E4, E5, E6, E7, E8
Validating Beat 1 (attempt 1/10) with the single beat validator.
Beat 1 validation attempt 1/10: INVALID; issue: Amy does not cook breakfast as required by the current job
Validating Beat 1 (attempt 2/10) with the single beat validator.
Beat 1 validation attempt 2/10: INVALID; issue: Amy is supposed to be cooking breakfast for her kids, but the beat does not show or mention that activity
Validating Beat 1 (attempt 3/10) with the single beat validator.
Beat 1 validation attempt 3/10: INVALID; issue: Amy’s clothing (tight black tank top and denim jeans) is not mentioned in the beat
Validating Beat 1 (attempt 4/10) with the single beat validator.
Beat 1 validation attempt 4/10: INVALID; issue: Did not show Amy cooking breakfast as required by the current job
Validating Beat 1 (attempt 5/10) with the single beat validator.
Beat 1 validation attempt 5/10: INVALID; issue: The beat does not show Amy wearing her tight black tank top and denim jeans or explicitly stating she is at home, which are required parts of the current job.
Validating Beat 1 (attempt 6/10) with the single beat validator.
Beat 1 validation attempt 6/10: INVALID; issue: Amy is standing guard but did not cook breakfast as required by the current job
Validating Beat 1 (attempt 7/10) with the single beat validator.
Beat 1 validation attempt 7/10: VALID; issue: none
Beat 1 accepted and finalized; committed required events: E1; completed after=E1
Beat 2 jobs: current=E2 - Amy is at home on a normal day, wearing a tight, black tank top and denim jeans, cooking breakfast for her young kids.; next=E3 - Suddenly, a zombie breaks the kitchen door window and Amy sees the danger. She rushes her kids to the basement, gets them inside, and then locks the door.; completed before=E1; pending before=E2, E3, E4, E5, E6, E7, E8
Validating Beat 2 (attempt 1/10) with the single beat validator.
Beat 2 validation attempt 1/10: INVALID; issue: Amy does not cook breakfast for her young kids; only Will watches.
Validating Beat 2 (attempt 2/10) with the single beat validator.
Beat 2 validation attempt 2/10: VALID; issue: none
Required event E2 applied persistent state: set_clothing = {"op": "set_clothing", "entity": "Amy", "slot": "upper", "item": "tight, black tank top", "damage": "none"}
Required event E2 applied persistent state: set_clothing = {"op": "set_clothing", "entity": "Amy", "slot": "lower", "item": "denim jeans", "damage": "none"}
Required event E2 applied persistent state: set_location = {"op": "set_location", "entity": "Amy", "value": "home"}
Beat 2 accepted and finalized; committed required events: E2; completed after=E1, E2
Beat 3 jobs: current=E3 - Suddenly, a zombie breaks the kitchen door window and Amy sees the danger. She rushes her kids to the basement, gets them inside, and then locks the door.; next=E4 - She retrieves her hidden arsenal consisting of a pistol and a katana. She equips the weapons.; completed before=E1, E2; pending before=E3, E4, E5, E6, E7, E8
Validating Beat 3 (attempt 1/10) with the single beat validator.
Beat 3 validation attempt 1/10: INVALID; issue: The beat does not show Amy locking the basement door; it only slams it shut.
Validating Beat 3 (attempt 2/10) with the single beat validator.
Beat 3 validation attempt 2/10: VALID; issue: none
Required event E3 applied persistent state: set_barrier_state = {"op": "set_barrier_state", "entity": "kitchen door window", "value": "broken"}
Required event E3 applied persistent state: set_containment = {"op": "set_containment", "entity": "Will", "container": "basement", "value": "contained"}
Required event E3 applied persistent state: set_containment = {"op": "set_containment", "entity": "Amber", "container": "basement", "value": "contained"}
Required event E3 applied persistent state: set_barrier_state = {"op": "set_barrier_state", "entity": "door", "value": "locked"}
Required event E3 applied persistent state: set_location = {"op": "set_location", "entity": "Will", "value": "basement"}
Required event E3 applied persistent state: set_location = {"op": "set_location", "entity": "Amber", "value": "basement"}
Beat 3 accepted and finalized; committed required events: E3; completed after=E1, E2, E3
Beat 4 jobs: current=E4 - She retrieves her hidden arsenal consisting of a pistol and a katana. She equips the weapons.; next=E5 - The majority of the film is Amy killing (dismembering, decapitating, etc.) zombies as they try and attack her.; completed before=E1, E2, E3; pending before=E4, E5, E6, E7, E8
Validating Beat 4 (attempt 1/10) with the single beat validator.
Beat 4 validation attempt 1/10: VALID; issue: none
Required event E4 applied persistent state: set_item_state = {"op": "set_item_state", "entity": "pistol", "owner": "Amy", "value": "held"}
Required event E4 applied persistent state: set_item_state = {"op": "set_item_state", "entity": "katana", "owner": "Amy", "value": "held"}
Required event E4 applied persistent state: set_item_state = {"op": "set_item_state", "entity": "the weapons", "owner": "Amy", "value": "equipped"}
Beat 4 accepted and finalized; committed required events: E4; completed after=E1, E2, E3, E4
Beat 5 jobs: current=E5 - The majority of the film is Amy killing (dismembering, decapitating, etc.) zombies as they try and attack her.; next=E6 - The majority of the film is Amy killing (dismembering, decapitating, etc.) zombies as they try and attack her.; completed before=E1, E2, E3, E4; pending before=E5, E6, E7, E8
Validating Beat 5 (attempt 1/10) with the single beat validator.
Beat 5 validation attempt 1/10: VALID; issue: none
Beat 5 accepted and finalized; committed required events: E5; completed after=E1, E2, E3, E4, E5
Beat 6 jobs: current=E6 - The majority of the film is Amy killing (dismembering, decapitating, etc.) zombies as they try and attack her.; next=E7 - Amy kills the last of the zombies, her house now soaked in blood.; completed before=E1, E2, E3, E4, E5; pending before=E6, E7, E8
Beat 6 validation attempt 1/10: INVALID; issue: Beat failed structural validation: Beat dropped named Subject(s) explicitly required by CURRENT JOB: Amy
Validating Beat 6 (attempt 2/10) with the single beat validator.
Beat 6 validation attempt 2/10: INVALID; issue: Amy swings a machete, yet the current state lists her holding only a pistol and a katana—she has no machete in hand to perform that action.
Validating Beat 6 (attempt 3/10) with the single beat validator.
Beat 6 validation attempt 3/10: VALID; issue: none
Beat 6 accepted and finalized; committed required events: E6; completed after=E1, E2, E3, E4, E5, E6
Beat 7 jobs: current=E7 - Amy kills the last of the zombies, her house now soaked in blood.; next=E8 - She lets her kids out of the basement.; completed before=E1, E2, E3, E4, E5, E6; pending before=E7, E8
Validating Beat 7 (attempt 1/10) with the single beat validator.
Beat 7 validation attempt 1/10: VALID; issue: none
Required event E7 applied persistent state: set_threat_state = {"op": "set_threat_state", "entity": "zombie", "value": "dead"}
Required event E7 applied persistent state: set_condition = {"op": "set_condition", "entity": "house", "value": "soaked in blood"}
Beat 7 accepted and finalized; committed required events: E7; completed after=E1, E2, E3, E4, E5, E6, E7
Beat 8 jobs: current=E8 - She lets her kids out of the basement.; next=none; completed before=E1, E2, E3, E4, E5, E6, E7; pending before=E8
Validating Beat 8 (attempt 1/10) with the single beat validator.
Beat 8 validation attempt 1/10: VALID; issue: none
Required event E8 applied persistent state: set_containment = {"op": "set_containment", "entity": "Will", "container": "basement", "value": "free"}
Required event E8 applied persistent state: set_containment = {"op": "set_containment", "entity": "Amber", "container": "basement", "value": "free"}
Beat 8 accepted and finalized; committed required events: E8; completed after=E1, E2, E3, E4, E5, E6, E7, E8
Story arc and beats generated successfully.
