Added States: 
Emergency stop: press Ctrl+C (or Ctrl+Q on Windows).
Director-only test: using existing story_arc.json and beats.txt; arc/beat generation is disabled.
FATAL: prompt-generation run stopped at first real failure: ValueError: Canonical fact has an invalid or duplicate field.
Traceback (most recent call last):
  File "C:\Users\J\AppData\Local\Temp\minimax-acceptance-_ap032_n\repo\minimax.py", line 32132, in main
    return _run_main(
           ^^^^^^^^^^
  File "C:\Users\J\AppData\Local\Temp\minimax-acceptance-_ap032_n\repo\minimax.py", line 30253, in _run_main
    character_canon = load_or_generate_character_canon(
                      ^^^^^^^^^^^^^^^^^^^^^^^^^^^^^^^^^
  File "C:\Users\J\AppData\Local\Temp\minimax-acceptance-_ap032_n\repo\minimax.py", line 5881, in load_or_generate_character_canon
    canon = parse_character_canon_result(raw_result)
            ^^^^^^^^^^^^^^^^^^^^^^^^^^^^^^^^^^^^^^^^
  File "C:\Users\J\AppData\Local\Temp\minimax-acceptance-_ap032_n\repo\minimax.py", line 5769, in parse_character_canon_result
    raise ValueError("Canonical fact has an invalid or duplicate field.")
ValueError: Canonical fact has an invalid or duplicate field.
Traceback (most recent call last):
  File "C:\Users\J\AppData\Local\Temp\minimax-acceptance-_ap032_n\repo\minimax.py", line 32204, in <module>
    main()
  File "C:\Users\J\AppData\Local\Temp\minimax-acceptance-_ap032_n\repo\minimax.py", line 32132, in main
    return _run_main(
           ^^^^^^^^^^
  File "C:\Users\J\AppData\Local\Temp\minimax-acceptance-_ap032_n\repo\minimax.py", line 30253, in _run_main
    character_canon = load_or_generate_character_canon(
                      ^^^^^^^^^^^^^^^^^^^^^^^^^^^^^^^^^
  File "C:\Users\J\AppData\Local\Temp\minimax-acceptance-_ap032_n\repo\minimax.py", line 5881, in load_or_generate_character_canon
    canon = parse_character_canon_result(raw_result)
            ^^^^^^^^^^^^^^^^^^^^^^^^^^^^^^^^^^^^^^^^
  File "C:\Users\J\AppData\Local\Temp\minimax-acceptance-_ap032_n\repo\minimax.py", line 5769, in parse_character_canon_result
    raise ValueError("Canonical fact has an invalid or duplicate field.")
ValueError: Canonical fact has an invalid or duplicate field.
