Added States: 
Emergency stop: press Ctrl+C (or Ctrl+Q on Windows).
Generating the story arc and beats based on story.txt
Asking LM Studio to replace C:\Users\J\AppData\Local\Temp\minimax-acceptance-69lgmfo0\repo\beats.txt with 8 creative story beats.

=== Macro arc generation attempt 1/10 ===
Requesting macro arc (attempt 1, response attempt 1/10).
{'events': [{'id': 'beat-01', 'event': 'Amy cooks breakfast for her kids while wearing a tight black tank top and denim jeans.', 'beat_number': 1, 'state_effects': [{'op': 'set_clothing', 'entity': 'Amy', 'slot': 'upper', 'item': 'tight black tank top', 'damage': 'none'}, {'op': 'set_clothing', 'entity': 'Amy', 'slot': 'lower', 'item': 'denim jeans', 'damage': 'none'}]}, {'id': 'beat-02', 'event': 'A zombie breaks the kitchen door window, alerting Amy to danger.', 'beat_number': 2, 'state_effects': [{'op': 'set_threat_state', 'entity': 'zombie', 'value': 'active'}]}, {'id': 'beat-03', 'event': 'Amy rushes Will and Amber into the basement, locks the basement door behind them.', 'beat_number': 3, 'state_effects': [{'op': 'set_location', 'entity': 'Will', 'value': 'basement'}, {'op': 'set_location', 'entity': 'Amber', 'value': 'basement'}, {'op': 'set_barrier_state', 'entity': 'basement_door', 'value': 'locked'}]}, {'id': 'beat-04', 'event': 'Amy retrieves her hidden arsenal of a pistol and a katana from storage.', 'beat_number': 4, 'state_effects': [{'op': 'set_item_state', 'entity': 'pistol', 'owner': 'Amy', 'value': 'held'}, {'op': 'set_item_state', 'entity': 'katana', 'owner': 'Amy', 'value': 'held'}]}, {'id': 'beat-05', 'event': 'She equips the pistol and katana, readying herself for combat.', 'beat_number': 5, 'state_effects': [{'op': 'set_item_state', 'entity': 'pistol', 'owner': 'Amy', 'value': 'equipped'}, {'op': 'set_item_state', 'entity': 'katana', 'owner': 'Amy', 'value': 'equipped'}]}, {'id': 'beat-06', 'event': 'Amy kills zombies as they attack her, dismembering and decapitating them.', 'beat_number': 6, 'state_effects': [{'op': 'set_threat_state', 'entity': 'zombies', 'value': 'dead'}]}, {'id': 'beat-07', 'event': 'She slays the last zombie, leaving the house soaked in blood.', 'beat_number': 7, 'state_effects': [{'op': 'set_threat_state', 'entity': 'last_zombie', 'value': 'dead'}, {'op': 'set_condition', 'entity': 'house', 'value': 'blood-soaked'}]}, {'id': 'beat-08', 'event': 'Amy lets Will and Amber out of the basement into the kitchen.', 'beat_number': 8, 'state_effects': [{'op': 'set_location', 'entity': 'Will', 'value': 'kitchen'}, {'op': 'set_location', 'entity': 'Amber', 'value': 'kitchen'}]}]}
Validating macro arc (attempt 1, response attempt 1/10).
Macro arc validation: INVALID — Explicit source majority sequence is under-allocated: The majority of the film is Amy killing (dismembering, decapitating, etc.) zombies as they try and attack her. is materially represented in 2/8 beats; more than half is required.
Repairing macro arc.
Validating macro arc (attempt 2, response attempt 1/10).
Macro arc validation: INVALID — Beat-04 sets threat_state 'zombie2' to dead, but the source indicates Amy kills the first (and only) zombie that broke the kitchen door; it should set 'zombie1' as dead.
Repairing macro arc.
Validating macro arc (attempt 3, response attempt 1/10).
Macro arc validation: VALID
Saved validated story arc to C:\Users\J\AppData\Local\Temp\minimax-acceptance-69lgmfo0\repo\story_arc.json.
Generating macro phase 1 (1 beats, global beats 1-1 of 8).
Requesting beats for phase 1 (attempt 1/10).
Accepted macro phase 1; collected 1/8 beats.
Generating macro phase 2 (1 beats, global beats 2-2 of 8).
Requesting beats for phase 2 (attempt 1/10).
Accepted macro phase 2; collected 2/8 beats.
Generating macro phase 3 (1 beats, global beats 3-3 of 8).
Requesting beats for phase 3 (attempt 1/10).
Accepted macro phase 3; collected 3/8 beats.
Generating macro phase 4 (1 beats, global beats 4-4 of 8).
Requesting beats for phase 4 (attempt 1/10).
Accepted macro phase 4; collected 4/8 beats.
Generating macro phase 5 (1 beats, global beats 5-5 of 8).
Requesting beats for phase 5 (attempt 1/10).
Accepted macro phase 5; collected 5/8 beats.
Generating macro phase 6 (1 beats, global beats 6-6 of 8).
Requesting beats for phase 6 (attempt 1/10).
Accepted macro phase 6; collected 6/8 beats.
Generating macro phase 7 (1 beats, global beats 7-7 of 8).
Requesting beats for phase 7 (attempt 1/10).
Accepted macro phase 7; collected 7/8 beats.
Generating macro phase 8 (1 beats, global beats 8-8 of 8).
Requesting beats for phase 8 (attempt 1/10).
Accepted macro phase 8; collected 8/8 beats.
Beat 1 jobs: current=beat-01 - Amy cooks breakfast for her kids while wearing a tight black tank top and denim jeans.; next=beat-02 - A zombie breaks the kitchen door window, alerting Amy to danger.; completed before=none; pending before=beat-01, beat-02, beat-03, beat-04, beat-05, beat-06, beat-07, beat-08
Validating Beat 1 (attempt 1/10) with the single beat validator.
Beat 1 validation attempt 1/10: VALID; issue: none
Required event beat-01 applied persistent state: set_clothing = {"op": "set_clothing", "entity": "Amy", "slot": "upper", "item": "tight black tank top", "damage": "none"}
Required event beat-01 applied persistent state: set_clothing = {"op": "set_clothing", "entity": "Amy", "slot": "lower", "item": "denim jeans", "damage": "none"}
Beat 1 accepted and finalized; committed required events: beat-01; completed after=beat-01
Beat 2 jobs: current=beat-02 - A zombie breaks the kitchen door window, alerting Amy to danger.; next=beat-03 - Amy rushes Will and Amber into the basement, locks the basement door behind them, retrieves her hidden arsenal of a pistol and a katana from storage, and equips both weapons.; completed before=beat-01; pending before=beat-02, beat-03, beat-04, beat-05, beat-06, beat-07, beat-08
Validating Beat 2 (attempt 1/10) with the single beat validator.
Beat 2 validation attempt 1/10: VALID; issue: none
Required event beat-02 applied persistent state: set_threat_state = {"op": "set_threat_state", "entity": "zombie1", "value": "active"}
Beat 2 accepted and finalized; committed required events: beat-02; completed after=beat-01, beat-02
Beat 3 jobs: current=beat-03 - Amy rushes Will and Amber into the basement, locks the basement door behind them, retrieves her hidden arsenal of a pistol and a katana from storage, and equips both weapons.; next=beat-04 - Amy kills the first zombie, dismembering and decapitating it.; completed before=beat-01, beat-02; pending before=beat-03, beat-04, beat-05, beat-06, beat-07, beat-08
Validating Beat 3 (attempt 1/10) with the single beat validator.
Beat 3 validation attempt 1/10: VALID; issue: none
Required event beat-03 applied persistent state: set_location = {"op": "set_location", "entity": "Will", "value": "basement"}
Required event beat-03 applied persistent state: set_location = {"op": "set_location", "entity": "Amber", "value": "basement"}
Required event beat-03 applied persistent state: set_barrier_state = {"op": "set_barrier_state", "entity": "basement_door", "value": "locked"}
Required event beat-03 applied persistent state: set_item_state = {"op": "set_item_state", "entity": "pistol", "owner": "Amy", "value": "equipped"}
Required event beat-03 applied persistent state: set_item_state = {"op": "set_item_state", "entity": "katana", "owner": "Amy", "value": "equipped"}
Beat 3 accepted and finalized; committed required events: beat-03; completed after=beat-01, beat-02, beat-03
Beat 4 jobs: current=beat-04 - Amy kills the first zombie, dismembering and decapitating it.; next=beat-05 - She slays a second zombie in quick succession.; completed before=beat-01, beat-02, beat-03; pending before=beat-04, beat-05, beat-06, beat-07, beat-08
Validating Beat 4 (attempt 1/10) with the single beat validator.
Beat 4 validation attempt 1/10: VALID; issue: none
Required event beat-04 applied persistent state: set_threat_state = {"op": "set_threat_state", "entity": "zombie1", "value": "dead"}
Beat 4 accepted and finalized; committed required events: beat-04; completed after=beat-01, beat-02, beat-03, beat-04
Beat 5 jobs: current=beat-05 - She slays a second zombie in quick succession.; next=beat-06 - Amy dispatches a third zombie, leaving its body shattered on the floor.; completed before=beat-01, beat-02, beat-03, beat-04; pending before=beat-05, beat-06, beat-07, beat-08
Validating Beat 5 (attempt 1/10) with the single beat validator.
Beat 5 validation attempt 1/10: VALID; issue: none
Required event beat-05 applied persistent state: set_threat_state = {"op": "set_threat_state", "entity": "zombie2", "value": "dead"}
Beat 5 accepted and finalized; committed required events: beat-05; completed after=beat-01, beat-02, beat-03, beat-04, beat-05
Beat 6 jobs: current=beat-06 - Amy dispatches a third zombie, leaving its body shattered on the floor.; next=beat-07 - She eliminates a fourth zombie with precise strikes.; completed before=beat-01, beat-02, beat-03, beat-04, beat-05; pending before=beat-06, beat-07, beat-08
Validating Beat 6 (attempt 1/10) with the single beat validator.
Beat 6 validation attempt 1/10: VALID; issue: none
Required event beat-06 applied persistent state: set_threat_state = {"op": "set_threat_state", "entity": "zombie3", "value": "dead"}
Beat 6 accepted and finalized; committed required events: beat-06; completed after=beat-01, beat-02, beat-03, beat-04, beat-05, beat-06
Beat 7 jobs: current=beat-07 - She eliminates a fourth zombie with precise strikes.; next=beat-08 - Amy slays the last zombie, leaving the house soaked in blood, and lets Will and Amber out of the basement into the kitchen.; completed before=beat-01, beat-02, beat-03, beat-04, beat-05, beat-06; pending before=beat-07, beat-08
Validating Beat 7 (attempt 1/10) with the single beat validator.
Beat 7 validation attempt 1/10: VALID; issue: none
Required event beat-07 applied persistent state: set_threat_state = {"op": "set_threat_state", "entity": "zombie4", "value": "dead"}
Beat 7 accepted and finalized; committed required events: beat-07; completed after=beat-01, beat-02, beat-03, beat-04, beat-05, beat-06, beat-07
Beat 8 jobs: current=beat-08 - Amy slays the last zombie, leaving the house soaked in blood, and lets Will and Amber out of the basement into the kitchen.; next=none; completed before=beat-01, beat-02, beat-03, beat-04, beat-05, beat-06, beat-07; pending before=beat-08
Validating Beat 8 (attempt 1/10) with the single beat validator.
Beat 8 validation attempt 1/10: INVALID; issue: Zombie4 is already dead in the current state; killing a final zombie again repeats an irreversible action.
Validating Beat 8 (attempt 2/10) with the single beat validator.
Beat 8 validation attempt 2/10: INVALID; issue: Will and Amber are only mentioned as being let out of the basement; their movement into the kitchen is not shown
Validating Beat 8 (attempt 3/10) with the single beat validator.
Beat 8 validation attempt 3/10: VALID; issue: none
Required event beat-08 applied persistent state: set_threat_state = {"op": "set_threat_state", "entity": "zombie5", "value": "dead"}
Required event beat-08 applied persistent state: set_condition = {"op": "set_condition", "entity": "house", "value": "blood-soaked"}
Required event beat-08 applied persistent state: set_location = {"op": "set_location", "entity": "Will", "value": "kitchen"}
Required event beat-08 applied persistent state: set_location = {"op": "set_location", "entity": "Amber", "value": "kitchen"}
Beat 8 accepted and finalized; committed required events: beat-08; completed after=beat-01, beat-02, beat-03, beat-04, beat-05, beat-06, beat-07, beat-08
Story arc and beats generated successfully.
