Added States: 
Emergency stop: press Ctrl+C (or Ctrl+Q on Windows).
Could not read C:\Users\J\AppData\Local\Temp\minimax-acceptance-3_wzqlds\repo\beats.txt (Required file not found: C:\Users\J\AppData\Local\Temp\minimax-acceptance-3_wzqlds\repo\beats.txt); regenerating the beat plan.
Asking LM Studio to replace C:\Users\J\AppData\Local\Temp\minimax-acceptance-3_wzqlds\repo\beats.txt with 8 creative story beats.

=== Source-span planning attempt 1/10 ===
Source-span planner produced 2 chapter(s): chapter 1=6 beats, chapter 2=2 beats
Saved story arc to C:\Users\J\AppData\Local\Temp\minimax-acceptance-3_wzqlds\repo\story_arc.json.
Generating macro phase 1 (6 beats, global beats 1-6 of 8).
Requesting beats for phase 1 (attempt 1/10).
Accepted macro phase 1; collected 6/8 beats.
Generating macro phase 2 (2 beats, global beats 7-8 of 8).
Requesting beats for phase 2 (attempt 1/10).
Accepted macro phase 2; collected 8/8 beats.
Beat 1 jobs: current=E1 - Amy is at home on a normal day, wearing a tight, black tank top and denim jeans, cooking breakfast for her young kids.; next=E2 - Suddenly, a zombie breaks the kitchen door window and Amy sees the danger. She rushes her kids to the basement, gets them inside, and then locks the door.; completed before=none; pending before=E1, E2, E3, E4, E5, E6, E7, E8
Validating Beat 1 (attempt 1/10) with the single beat validator.
Beat 1 validation attempt 1/10: VALID; issue: none
Beat 1 finite-endpoint attempt 1/10: INVALID; issue: Finite assigned activity is still underway and has no observable completion endpoint.
Validating Beat 1 (attempt 2/10) with the single beat validator.
Beat 1 validation attempt 2/10: VALID; issue: none
Beat 1 finite-endpoint attempt 2/10: INVALID; issue: Finite assigned activity is still underway and has no observable completion endpoint.
Validating Beat 1 (attempt 3/10) with the single beat validator.
Beat 1 validation attempt 3/10: VALID; issue: none
Beat 1 finite-endpoint attempt 3/10: INVALID; issue: Finite assigned activity is still underway and has no observable completion endpoint.
Validating Beat 1 (attempt 4/10) with the single beat validator.
Beat 1 validation attempt 4/10: VALID; issue: none
Beat 1 finite-endpoint attempt 4/10: INVALID; issue: Finite assigned activity is still underway and has no observable completion endpoint.
Validating Beat 1 (attempt 5/10) with the single beat validator.
Beat 1 validation attempt 5/10: VALID; issue: none
Beat 1 finite-endpoint attempt 5/10: INVALID; issue: Finite assigned activity is still underway and has no observable completion endpoint.
Validating Beat 1 (attempt 6/10) with the single beat validator.
Beat 1 validation attempt 6/10: VALID; issue: none
Beat 1 finite-endpoint attempt 6/10: INVALID; issue: Finite assigned activity is still underway and has no observable completion endpoint.
Validating Beat 1 (attempt 7/10) with the single beat validator.
Beat 1 validation attempt 7/10: VALID; issue: none
Beat 1 finite-endpoint attempt 7/10: INVALID; issue: Finite assigned activity is still underway and has no observable completion endpoint.
Validating Beat 1 (attempt 8/10) with the single beat validator.
Beat 1 validation attempt 8/10: VALID; issue: none

Emergency stop requested; exiting immediately.
