Added States: 
Emergency stop: press Ctrl+C (or Ctrl+Q on Windows).
Generating the story arc and beats based on story.txt
Asking LM Studio to replace C:\Users\J\AppData\Local\Temp\minimax-acceptance-1p6gcwh1\repo\beats.txt with 8 creative story beats.

=== Source-span planning attempt 1/10 ===
Source span 1 [0:93]: A realistic action film about a woman, Amy, protecting her two kids from a zombie apocalypse.
Source span 2 [94:180]: Amy is at home on a normal day, cooking breakfast for her young kids (Will and Amber).
Source span 3 [181:212]: A zombie breaks into the house.
Source span 4 [213:283]: Amy rushes her two kids to a safe location and returns to the kitchen.
Source span 5 [284:353]: She retrieves her hidden arsenal consisting of a pistol and a katana.
Source span 6 [354:477]: The majority of the film is Amy fighting and killing attacking zombies one by one, but more zombies continue to attack her.
Source span 7 [478:596]: After Amy kills the last of the zombies, she returns to the safe location and brings Will and Amber back out with her.
Terminal check span 1: NO
Terminal check span 2: NO
Hard-reset check span 2: NO
Terminal check span 3: NO
Hard-reset check span 3: NO
Terminal check span 4: NO
Hard-reset check span 4: NO
Terminal check span 5: NO
Hard-reset check span 5: NO
Terminal check span 6: NO
Hard-reset check span 6: NO
Terminal check span 7: YES
Hard-reset check span 7: YES
Event 1 requires a concrete on-screen event: NO
Event 2 requires a concrete on-screen event: YES
Event 3 requires a concrete on-screen event: YES
Event 4 requires a concrete on-screen event: YES
Event 5 requires a concrete on-screen event: YES
Event 6 requires a concrete on-screen event: YES
Event 7 requires a concrete on-screen event: YES
Source-unit local relation:
LEFT source span 2 [94:180]: Amy is at home on a normal day, cooking breakfast for her young kids (Will and Amber).
RIGHT source span 3 [181:212]: A zombie breaks into the house.
Result: NEW_TASK
Source-unit local relation:
LEFT source span 3 [181:212]: A zombie breaks into the house.
RIGHT source span 4 [213:283]: Amy rushes her two kids to a safe location and returns to the kitchen.
Result: MERGE
Source-unit local relation:
LEFT source span 4 [213:283]: Amy rushes her two kids to a safe location and returns to the kitchen.
RIGHT source span 5 [284:353]: She retrieves her hidden arsenal consisting of a pistol and a katana.
Result: NEW_TASK
Source unit 1 state effects:
Source span: A realistic action film about a woman, Amy, protecting her two kids from a zombie apocalypse.
Result: []
Source unit 2 state effects:
Source span: Amy is at home on a normal day, cooking breakfast for her young kids (Will and Amber).
Result: [{"op": "set_location", "entity": "Amy", "value": "home"}]
Source unit 3 state effects:
Source span: A zombie breaks into the house.
Result: [{"op": "set_threat_state", "entity": "zombie", "value": "active"}, {"op": "set_location", "entity": "zombie", "value": "house"}]
Source unit 4 state effects:
Source span: Amy rushes her two kids to a safe location and returns to the kitchen.
Result: [{"op": "set_location", "entity": "Will", "value": "safe location"}, {"op": "set_location", "entity": "Amber", "value": "safe location"}]
Source unit 5 state effects:
Source span: She retrieves her hidden arsenal consisting of a pistol and a katana.
Result: [{"op": "set_item_state", "entity": "pistol", "owner": "Amy", "value": "held"}, {"op": "set_item_state", "entity": "katana", "owner": "Amy", "value": "held"}]
Source unit 6 state effects:
Source span: The majority of the film is Amy fighting and killing attacking zombies one by one, but more zombies continue to attack her.
Result: [{"op": "set_threat_state", "entity": "zombies", "value": "active"}]
Source unit 7 state effects:
Source span: After Amy kills the last of the zombies, she returns to the safe location and brings Will and Amber back out with her.
Result: []
Source-span planner produced 2 chapter(s): chapter 1=7 beats, chapter 2=1 beats
Saved story arc to C:\Users\J\AppData\Local\Temp\minimax-acceptance-1p6gcwh1\repo\story_arc.json.
Generating macro phase 1 (7 beats, global beats 1-7 of 8).
Requesting beats for phase 1 (attempt 1/10).
Beat 1 created: Amy cooks scrambled eggs in the kitchen while Will and Amber sit on the counter.
Beat 2 created: A zombie bursts through the front door; Amy carries Will and Amber down the stairs to the basement before heading back to the kitchen.
Beat 3 created: Amy opens the pantry door, pulls out her hidden pistol, and slides a katana into her belt.
Beat 4 created: Amy shoots a zombie at the kitchen doorway, killing it; two new zombies stagger in from the hallway.
Beat 5 created: Amy swings her katana to sever a second zombie's head, then three fresh zombies surge through the back door.
Beat 6 created: Amy fires at a third zombie near the stove, sending it crashing into the counter; four more zombies burst through the broken window.
Beat 7 created: Amy slices a fourth zombie with her katana as it lunges at the pantry door, and five new zombies flood in from the front hallway.
Accepted macro phase 1; collected 7/8 beats.
Generating macro phase 2 (1 beats, global beats 8-8 of 8).
Requesting beats for phase 2 (attempt 1/10).
Beat 8 created: Amy finishes slicing the last zombie in the hallway, opens the pantry door to her hidden safe room, pulls Will and Amber out with her, and leads them through the kitchen doorway.
Accepted macro phase 2; collected 8/8 beats.
Beat 1 jobs: current=E1 - Amy is at home on a normal day, cooking breakfast for her young kids (Will and Amber).; next=E2 - A zombie breaks into the house. Amy rushes her two kids to a safe location and returns to the kitchen.; completed before=none; pending before=E1, E2, E3, E4, E5, E6, E7, E8
Validating Beat 1 (attempt 1/10) with the single beat validator.
Beat 1 validation attempt 1/10: VALID; issue: none
Beat 1 finite-endpoint attempt 1/10: INVALID; issue: Finite assigned activity is still underway and has no observable completion endpoint.
Beat 1 created: Amy cooks scrambled eggs in the kitchen, flips them until golden brown, and plates them while Will and Amber sit on the counter.
Validating Beat 1 (attempt 2/10) with the single beat validator.
Beat 1 validation attempt 2/10: VALID; issue: none
Checking Beat 1 within-beat physical coherence (attempt 2/10).
Beat 1 coherence attempt 2/10: VALID.
Required event E1 applied persistent state: set_location = {"op": "set_location", "entity": "Amy", "value": "home"}
Beat 1 observed persistent state: {"characters": {"Amy": {"location": "kitchen"}, "Will": {"location": "counter"}, "Amber": {"location": "counter"}}}
Beat 1 accepted: Amy cooks scrambled eggs in the kitchen, flips them until golden brown, and plates them while Will and Amber sit on the counter.
Beat 1 accepted and finalized; committed required events: E1; completed after=E1
Beat 2 jobs: current=E2 - A zombie breaks into the house. Amy rushes her two kids to a safe location and returns to the kitchen.; next=E3 - She retrieves her hidden arsenal consisting of a pistol and a katana.; completed before=E1; pending before=E2, E3, E4, E5, E6, E7, E8
Validating Beat 2 (attempt 1/10) with the single beat validator.
Beat 2 validation attempt 1/10: VALID; issue: none
Checking Beat 2 within-beat physical coherence (attempt 1/10).
Beat 2 coherence attempt 1/10: VALID.
Required event E2 applied persistent state: set_threat_state = {"op": "set_threat_state", "entity": "zombie", "value": "active"}
Required event E2 applied persistent state: set_location = {"op": "set_location", "entity": "zombie", "value": "house"}
Required event E2 applied persistent state: set_location = {"op": "set_location", "entity": "Will", "value": "safe location"}
Required event E2 applied persistent state: set_location = {"op": "set_location", "entity": "Amber", "value": "safe location"}
Beat 2 observed persistent state: {"characters": {"Will": {"location": "basement"}, "Amber": {"location": "basement"}}}
Beat 2 accepted: A zombie bursts through the front door; Amy carries Will and Amber down the stairs to the basement before heading back to the kitchen.
Beat 2 accepted and finalized; committed required events: E2; completed after=E1, E2
Beat 3 jobs: current=E3 - She retrieves her hidden arsenal consisting of a pistol and a katana.; next=E4 - The majority of the film is Amy fighting and killing attacking zombies one by one, but more zombies continue to attack her.; completed before=E1, E2; pending before=E3, E4, E5, E6, E7, E8
Validating Beat 3 (attempt 1/10) with the single beat validator.
Beat 3 validation attempt 1/10: VALID; issue: none
Checking Beat 3 within-beat physical coherence (attempt 1/10).
Beat 3 coherence attempt 1/10: VALID.
Required event E3 applied persistent state: set_item_state = {"op": "set_item_state", "entity": "pistol", "owner": "Amy", "value": "held"}
Required event E3 applied persistent state: set_item_state = {"op": "set_item_state", "entity": "katana", "owner": "Amy", "value": "held"}
Beat 3 observed persistent state: {"characters": {"Amy": {"held_objects": ["pistol"], "stored_objects": ["katana"]}}}
Beat 3 accepted: Amy opens the pantry door, pulls out her hidden pistol, and slides a katana into her belt.
Beat 3 accepted and finalized; committed required events: E3; completed after=E1, E2, E3
Beat 4 jobs: current=E4 - The majority of the film is Amy fighting and killing attacking zombies one by one, but more zombies continue to attack her.; next=E5 - The majority of the film is Amy fighting and killing attacking zombies one by one, but more zombies continue to attack her.; completed before=E1, E2, E3; pending before=E4, E5, E6, E7, E8
Validating Beat 4 (attempt 1/10) with the single beat validator.
Beat 4 validation attempt 1/10: VALID; issue: none
Checking Beat 4 within-beat physical coherence (attempt 1/10).
Beat 4 coherence attempt 1/10: VALID.
Generation failed; discarding the failing process state and restarting from arc creation: Beat state patch entity threats.zombies must be an object.

=== Source-span planning attempt 1/10 ===
Source span 1 [0:93]: A realistic action film about a woman, Amy, protecting her two kids from a zombie apocalypse.
Source span 2 [94:180]: Amy is at home on a normal day, cooking breakfast for her young kids (Will and Amber).
Source span 3 [181:212]: A zombie breaks into the house.
Source span 4 [213:283]: Amy rushes her two kids to a safe location and returns to the kitchen.
Source span 5 [284:353]: She retrieves her hidden arsenal consisting of a pistol and a katana.
Source span 6 [354:477]: The majority of the film is Amy fighting and killing attacking zombies one by one, but more zombies continue to attack her.
Source span 7 [478:596]: After Amy kills the last of the zombies, she returns to the safe location and brings Will and Amber back out with her.
Terminal check span 1: NO
Terminal check span 2: NO
Hard-reset check span 2: NO
Terminal check span 3: NO
Hard-reset check span 3: NO
Terminal check span 4: NO
Hard-reset check span 4: NO
Terminal check span 5: NO
Hard-reset check span 5: NO
Terminal check span 6: NO
Hard-reset check span 6: NO
Terminal check span 7: YES
Hard-reset check span 7: YES
Event 1 requires a concrete on-screen event: NO
Event 2 requires a concrete on-screen event: YES
Event 3 requires a concrete on-screen event: YES
Event 4 requires a concrete on-screen event: YES
Event 5 requires a concrete on-screen event: YES
Event 6 requires a concrete on-screen event: YES
Event 7 requires a concrete on-screen event: YES
Source-unit local relation:
LEFT source span 2 [94:180]: Amy is at home on a normal day, cooking breakfast for her young kids (Will and Amber).
RIGHT source span 3 [181:212]: A zombie breaks into the house.
Result: NEW_TASK
Source-unit local relation:
LEFT source span 3 [181:212]: A zombie breaks into the house.
RIGHT source span 4 [213:283]: Amy rushes her two kids to a safe location and returns to the kitchen.
Result: MERGE
Source-unit local relation:
LEFT source span 4 [213:283]: Amy rushes her two kids to a safe location and returns to the kitchen.
RIGHT source span 5 [284:353]: She retrieves her hidden arsenal consisting of a pistol and a katana.
Result: NEW_TASK
Source unit 1 state effects:
Source span: A realistic action film about a woman, Amy, protecting her two kids from a zombie apocalypse.
Result: []
Source unit 2 state effects:
Source span: Amy is at home on a normal day, cooking breakfast for her young kids (Will and Amber).
Result: [{"op": "set_location", "entity": "Amy", "value": "home"}]
Source unit 3 state effects:
Source span: A zombie breaks into the house.
Result: [{"op": "set_threat_state", "entity": "zombie", "value": "active"}, {"op": "set_location", "entity": "zombie", "value": "house"}]
Source unit 4 state effects:
Source span: Amy rushes her two kids to a safe location and returns to the kitchen.
Result: [{"op": "set_location", "entity": "Amy", "value": "kitchen"}]
Source unit 5 state effects:
Source span: She retrieves her hidden arsenal consisting of a pistol and a katana.
Result: [{"op": "set_item_state", "entity": "pistol", "owner": "Amy", "value": "held"}, {"op": "set_item_state", "entity": "katana", "owner": "Amy", "value": "held"}]
Source unit 6 state effects:
Source span: The majority of the film is Amy fighting and killing attacking zombies one by one, but more zombies continue to attack her.
Result: []
Source unit 7 state effects:
Source span: After Amy kills the last of the zombies, she returns to the safe location and brings Will and Amber back out with her.
Result: []
Source-span planner produced 2 chapter(s): chapter 1=7 beats, chapter 2=1 beats
Saved story arc to C:\Users\J\AppData\Local\Temp\minimax-acceptance-1p6gcwh1\repo\story_arc.json.
Generating macro phase 1 (7 beats, global beats 1-7 of 8).
Requesting beats for phase 1 (attempt 1/10).
Beat 1 created: Amy flips pancakes in a skillet while Will watches from the counter and Amber stirs milk beside her.
Beat 2 created: A zombie breaks into the house; Amy grabs Will and Amber, pushes them through the bedroom door into a locked closet, then steps back into the kitchen.
Beat 3 created: Amy pulls a pistol from behind the stove and slides a katana out of a pantry drawer.
Beat 4 created: Amy swings the katana as a zombie lunges at her from the living room and cuts it in half.
Beat 5 created: Amy fires the pistol at a second zombie that bursts through the front door, knocking it down.
Beat 6 created: Amy slashes a third zombie crawling out of the pantry with the katana, slicing it into two pieces.
Beat 7 created: Amy shoots a fourth zombie charging from the kitchen window with the pistol, sending it flying into the hallway.
Accepted macro phase 1; collected 7/8 beats.
Generating macro phase 2 (1 beats, global beats 8-8 of 8).
Requesting beats for phase 2 (attempt 1/10).
Beat 8 created: Amy opens the door of the safe room, pulls Will and Amber from inside, and leads them onto the front porch.
Accepted macro phase 2; collected 8/8 beats.
Beat 1 jobs: current=E1 - Amy is at home on a normal day, cooking breakfast for her young kids (Will and Amber).; next=E2 - A zombie breaks into the house. Amy rushes her two kids to a safe location and returns to the kitchen.; completed before=none; pending before=E1, E2, E3, E4, E5, E6, E7, E8
Validating Beat 1 (attempt 1/10) with the single beat validator.
Beat 1 validation attempt 1/10: VALID; issue: none
Beat 1 finite-endpoint attempt 1/10: INVALID; issue: Finite assigned activity is still underway and has no observable completion endpoint.
Beat 1 created: Amy flips pancakes in a skillet while Will watches from the counter and Amber stirs milk beside her, placing each golden pancake onto a plate.
Validating Beat 1 (attempt 2/10) with the single beat validator.
Beat 1 validation attempt 2/10: VALID; issue: none
Checking Beat 1 within-beat physical coherence (attempt 2/10).
Beat 1 coherence attempt 2/10: VALID.
Required event E1 applied persistent state: set_location = {"op": "set_location", "entity": "Amy", "value": "home"}
Beat 1 observed persistent state: {"environment": {"objects": {"skillet": "in kitchen counter", "plate": ["golden pancake"]}}}
Beat 1 accepted: Amy flips pancakes in a skillet while Will watches from the counter and Amber stirs milk beside her, placing each golden pancake onto a plate.
Beat 1 accepted and finalized; committed required events: E1; completed after=E1
Beat 2 jobs: current=E2 - A zombie breaks into the house. Amy rushes her two kids to a safe location and returns to the kitchen.; next=E3 - She retrieves her hidden arsenal consisting of a pistol and a katana.; completed before=E1; pending before=E2, E3, E4, E5, E6, E7, E8
Validating Beat 2 (attempt 1/10) with the single beat validator.
Beat 2 validation attempt 1/10: VALID; issue: none
Checking Beat 2 within-beat physical coherence (attempt 1/10).
Beat 2 coherence attempt 1/10: INVALID; issue: The closet is described as locked; pushing Will and Amber into it implies opening or unlocking the door, which isn’t stated.
Beat 2 created: A zombie breaks into the house; Amy grabs Will and Amber, pushes them through the bedroom door into an unlocked closet, then steps back into the kitchen.
Validating Beat 2 (attempt 2/10) with the single beat validator.
Beat 2 validation attempt 2/10: VALID; issue: none
Checking Beat 2 within-beat physical coherence (attempt 2/10).
Beat 2 coherence attempt 2/10: VALID.
Required event E2 applied persistent state: set_threat_state = {"op": "set_threat_state", "entity": "zombie", "value": "active"}
Required event E2 applied persistent state: set_location = {"op": "set_location", "entity": "zombie", "value": "house"}
Required event E2 applied persistent state: set_location = {"op": "set_location", "entity": "Amy", "value": "kitchen"}
Beat 2 observed persistent state: {"characters": {"Will": {"location": "closet"}, "Amber": {"location": "closet"}}}
Beat 2 accepted: A zombie breaks into the house; Amy grabs Will and Amber, pushes them through the bedroom door into an unlocked closet, then steps back into the kitchen.
Beat 2 accepted and finalized; committed required events: E2; completed after=E1, E2
Beat 3 jobs: current=E3 - She retrieves her hidden arsenal consisting of a pistol and a katana.; next=E4 - The majority of the film is Amy fighting and killing attacking zombies one by one, but more zombies continue to attack her.; completed before=E1, E2; pending before=E3, E4, E5, E6, E7, E8
Validating Beat 3 (attempt 1/10) with the single beat validator.
Beat 3 validation attempt 1/10: VALID; issue: none
Checking Beat 3 within-beat physical coherence (attempt 1/10).
Beat 3 coherence attempt 1/10: VALID.
Required event E3 applied persistent state: set_item_state = {"op": "set_item_state", "entity": "pistol", "owner": "Amy", "value": "held"}
Required event E3 applied persistent state: set_item_state = {"op": "set_item_state", "entity": "katana", "owner": "Amy", "value": "held"}
Beat 3 observed persistent state: {"environment": {"objects": {"pistol": "in Amy's hand", "katana": "in Amy's hand"}}}
Beat 3 accepted: Amy pulls a pistol from behind the stove and slides a katana out of a pantry drawer.
Beat 3 accepted and finalized; committed required events: E3; completed after=E1, E2, E3
Beat 4 jobs: current=E4 - The majority of the film is Amy fighting and killing attacking zombies one by one, but more zombies continue to attack her.; next=E5 - The majority of the film is Amy fighting and killing attacking zombies one by one, but more zombies continue to attack her.; completed before=E1, E2, E3; pending before=E4, E5, E6, E7, E8
Validating Beat 4 (attempt 1/10) with the single beat validator.
Beat 4 validation attempt 1/10: VALID; issue: none
Checking Beat 4 within-beat physical coherence (attempt 1/10).
Beat 4 coherence attempt 1/10: VALID.
Beat 4 observed persistent state: {"threats": {"zombie": {"injuries": ["cut_in_half"]}}}
Beat 4 accepted: Amy swings the katana as a zombie lunges at her from the living room and cuts it in half.
Beat 4 accepted and finalized; committed required events: E4; completed after=E1, E2, E3, E4
Beat 5 jobs: current=E5 - The majority of the film is Amy fighting and killing attacking zombies one by one, but more zombies continue to attack her.; next=E6 - The majority of the film is Amy fighting and killing attacking zombies one by one, but more zombies continue to attack her.; completed before=E1, E2, E3, E4; pending before=E5, E6, E7, E8
Validating Beat 5 (attempt 1/10) with the single beat validator.
Beat 5 validation attempt 1/10: VALID; issue: none
Checking Beat 5 within-beat physical coherence (attempt 1/10).
Beat 5 coherence attempt 1/10: VALID.
Beat 5 observed persistent state: {"threats": {"zombie": {"injuries": ["cut_in_half", "knocked_down"]}}}
Beat 5 accepted: Amy fires the pistol at a second zombie that bursts through the front door, knocking it down.
Beat 5 accepted and finalized; committed required events: E5; completed after=E1, E2, E3, E4, E5
Beat 6 jobs: current=E6 - The majority of the film is Amy fighting and killing attacking zombies one by one, but more zombies continue to attack her.; next=E7 - The majority of the film is Amy fighting and killing attacking zombies one by one, but more zombies continue to attack her.; completed before=E1, E2, E3, E4, E5; pending before=E6, E7, E8
Validating Beat 6 (attempt 1/10) with the single beat validator.
Beat 6 validation attempt 1/10: VALID; issue: none
Checking Beat 6 within-beat physical coherence (attempt 1/10).
Beat 6 coherence attempt 1/10: VALID.
Beat 6 observed persistent state: {"threats": {"zombie": {"injuries": ["cut_in_half", "knocked_down", "splitted_into_pieces"]}}}
Beat 6 accepted: Amy slashes a third zombie crawling out of the pantry with the katana, slicing it into two pieces.
Beat 6 accepted and finalized; committed required events: E6; completed after=E1, E2, E3, E4, E5, E6
Beat 7 jobs: current=E7 - The majority of the film is Amy fighting and killing attacking zombies one by one, but more zombies continue to attack her.; next=E8 - After Amy kills the last of the zombies, she returns to the safe location and brings Will and Amber back out with her.; completed before=E1, E2, E3, E4, E5, E6; pending before=E7, E8
Validating Beat 7 (attempt 1/10) with the single beat validator.
Beat 7 validation attempt 1/10: VALID; issue: none
Checking Beat 7 within-beat physical coherence (attempt 1/10).
Beat 7 coherence attempt 1/10: VALID.
Beat 7 observed persistent state: {"environment": {"objects": {"zombie": "in hallway"}, "windows": {"kitchen_window": "open", "status": "opened by zombie passage"}}, "threats": {"zombie": {"location": "hallway"}}}
Beat 7 accepted: Amy shoots a fourth zombie charging from the kitchen window with the pistol, sending it flying into the hallway.
Beat 7 accepted and finalized; committed required events: E7; completed after=E1, E2, E3, E4, E5, E6, E7
Beat 8 jobs: current=E8 - After Amy kills the last of the zombies, she returns to the safe location and brings Will and Amber back out with her.; next=none; completed before=E1, E2, E3, E4, E5, E6, E7; pending before=E8
Validating Beat 8 (attempt 1/10) with the single beat validator.
Beat 8 validation attempt 1/10: VALID; issue: none
Checking Beat 8 within-beat physical coherence (attempt 1/10).
Beat 8 coherence attempt 1/10: VALID.
Beat 8 observed persistent state: {"characters": {"Amy": {"location": "front porch"}, "Will": {"location": "front porch"}, "Amber": {"location": "front porch"}}}
Beat 8 accepted: Amy opens the door of the safe room, pulls Will and Amber from inside, and leads them onto the front porch.
Beat 8 accepted and finalized; committed required events: E8; completed after=E1, E2, E3, E4, E5, E6, E7, E8
Story arc and beats generated successfully.
