Added States: 
Emergency stop: press Ctrl+C (or Ctrl+Q on Windows).
Generating the story arc and beats based on story.txt
Asking LM Studio to replace C:\Users\J\AppData\Local\Temp\minimax-acceptance-gp4xkvp3\repo\beats.txt with 8 creative story beats.

=== Macro arc generation attempt 1/10 ===
Requesting macro arc (attempt 1, response attempt 1/10).
{'events': [{'id': 'beat1', 'event': 'Amy cooks breakfast for Will and Amber in the kitchen wearing a tight black tank top and denim jeans.', 'beat_number': 1, 'state_effects': [{'op': 'set_clothing', 'entity': 'Amy', 'slot': 'upper', 'item': 'black tank top', 'damage': 'none'}, {'op': 'set_clothing', 'entity': 'Amy', 'slot': 'lower', 'item': 'denim jeans', 'damage': 'none'}]}, {'id': 'beat2', 'event': 'A zombie breaks through the kitchen door window; Amy sees the danger.', 'beat_number': 2, 'state_effects': [{'op': 'set_object_state', 'entity': 'kitchen door', 'value': 'damaged'}, {'op': 'set_threat_state', 'entity': 'zombie', 'value': 'active'}]}, {'id': 'beat3', 'event': 'Amy rushes Will and Amber to the basement, gets them inside, and locks the basement door.', 'beat_number': 3, 'state_effects': [{'op': 'set_containment', 'entity': 'Will', 'container': 'basement', 'value': 'contained'}, {'op': 'set_containment', 'entity': 'Amber', 'container': 'basement', 'value': 'contained'}, {'op': 'set_barrier_state', 'entity': 'basement door', 'value': 'locked'}]}, {'id': 'beat4', 'event': 'She retrieves her hidden arsenal consisting of a pistol and a katana.', 'beat_number': 4, 'state_effects': [{'op': 'set_item_state', 'entity': 'pistol', 'owner': 'Amy', 'value': 'held'}, {'op': 'set_item_state', 'entity': 'katana', 'owner': 'Amy', 'value': 'held'}]}, {'id': 'beat5', 'event': 'Amy equips the pistol and the katana.', 'beat_number': 5, 'state_effects': [{'op': 'set_item_state', 'entity': 'pistol', 'owner': 'Amy', 'value': 'equipped'}, {'op': 'set_item_state', 'entity': 'katana', 'owner': 'Amy', 'value': 'equipped'}]}, {'id': 'beat6', 'event': 'Amy kills zombies as they attack her in the house.', 'beat_number': 6, 'state_effects': [{'op': 'set_threat_state', 'entity': 'zombie', 'value': 'dead'}, {'op': 'set_condition', 'entity': 'house', 'value': 'blood soaked'}]}, {'id': 'beat7', 'event': 'She kills the last zombie; the house is now soaked in blood.', 'beat_number': 7, 'state_effects': [{'op': 'set_threat_state', 'entity': 'zombie', 'value': 'dead'}, {'op': 'set_condition', 'entity': 'house', 'value': 'blood soaked'}]}, {'id': 'beat8', 'event': 'Amy lets Will and Amber out of the basement.', 'beat_number': 8, 'state_effects': [{'op': 'set_location', 'entity': 'Will', 'value': 'home'}, {'op': 'set_location', 'entity': 'Amber', 'value': 'home'}]}]}
LM Studio returned an invalid macro arc; requesting a corrected arc: Required-event set_condition value 'blood soaked' is not lexically grounded in its owning event; missing event word(s): blood, soaked.
Requesting macro arc (attempt 1, response attempt 2/10).
{'events': [{'id': '1', 'event': 'Amy cooks breakfast while wearing a tight black tank top and denim jeans.', 'beat_number': 1, 'state_effects': [{'op': 'set_location', 'entity': 'Amy', 'value': 'kitchen'}, {'op': 'set_clothing', 'entity': 'Amy', 'slot': 'upper', 'item': 'black tank top', 'damage': 'none'}, {'op': 'set_clothing', 'entity': 'Amy', 'slot': 'lower', 'item': 'denim jeans', 'damage': 'none'}]}, {'id': '2', 'event': 'A zombie bursts through the kitchen door window, startling Amy.', 'beat_number': 2, 'state_effects': [{'op': 'set_barrier_state', 'entity': 'kitchen_door', 'value': 'broken'}, {'op': 'set_threat_state', 'entity': 'zombie', 'value': 'active'}]}, {'id': '3', 'event': 'Amy pulls Will and Amber into the basement and secures the entrance.', 'beat_number': 3, 'state_effects': [{'op': 'set_containment', 'entity': 'Will', 'container': 'basement', 'value': 'contained'}, {'op': 'set_containment', 'entity': 'Amber', 'container': 'basement', 'value': 'contained'}, {'op': 'set_barrier_state', 'entity': 'basement_door', 'value': 'locked'}]}, {'id': '4', 'event': 'Amy grabs her pistol and katana from the basement storage and equips them.', 'beat_number': 4, 'state_effects': [{'op': 'set_item_state', 'entity': 'pistol', 'owner': 'Amy', 'value': 'equipped'}, {'op': 'set_item_state', 'entity': 'katana', 'owner': 'Amy', 'value': 'equipped'}]}, {'id': '5', 'event': 'She dispatches a horde of zombies with swift strikes.', 'beat_number': 5, 'state_effects': [{'op': 'set_object_state', 'entity': 'zombie1', 'value': 'destroyed'}, {'op': 'set_threat_state', 'entity': 'zombies', 'value': 'active'}]}, {'id': '6', 'event': 'Amy decapitates a zombie with her katana.', 'beat_number': 6, 'state_effects': [{'op': 'set_object_state', 'entity': 'zombie2', 'value': 'destroyed'}, {'op': 'set_threat_state', 'entity': 'zombies', 'value': 'active'}]}, {'id': '7', 'event': 'Amy eliminates the final zombie, leaving the house drenched in blood.', 'beat_number': 7, 'state_effects': [{'op': 'set_condition', 'entity': 'house', 'value': 'blood-soaked'}, {'op': 'set_threat_state', 'entity': 'zombies', 'value': 'dead'}]}, {'id': '8', 'event': 'She opens the basement door and releases Will and Amber into the kitchen.', 'beat_number': 8, 'state_effects': [{'op': 'set_barrier_state', 'entity': 'basement_door', 'value': 'unlocked'}, {'op': 'set_location', 'entity': 'Will', 'value': 'kitchen'}, {'op': 'set_location', 'entity': 'Amber', 'value': 'kitchen'}]}]}
LM Studio returned an invalid macro arc; requesting a corrected arc: Required-event set_condition value 'blood-soaked' is not lexically grounded in its owning event; missing event word(s): soaked.
Requesting macro arc (attempt 1, response attempt 3/10).
{'events': [{'id': 'beat1', 'event': 'Amy cooks breakfast for Will and Amber in the kitchen.', 'beat_number': 1, 'state_effects': [{'op': 'set_clothing', 'entity': 'Amy', 'slot': 'upper', 'item': 'tight black tank top', 'damage': 'none'}, {'op': 'set_clothing', 'entity': 'Amy', 'slot': 'lower', 'item': 'denim jeans', 'damage': 'none'}]}, {'id': 'beat2', 'event': 'A zombie breaks the kitchen door window.', 'beat_number': 2, 'state_effects': [{'op': 'set_threat_state', 'entity': 'zombie', 'value': 'active'}, {'op': 'set_object_state', 'entity': 'window', 'value': 'damaged'}, {'op': 'set_barrier_state', 'entity': 'kitchen_door', 'value': 'broken'}]}, {'id': 'beat3', 'event': 'Amy rushes Will and Amber into the basement and locks the basement door.', 'beat_number': 3, 'state_effects': [{'op': 'set_location', 'entity': 'Will', 'value': 'basement'}, {'op': 'set_location', 'entity': 'Amber', 'value': 'basement'}, {'op': 'set_barrier_state', 'entity': 'basement_door', 'value': 'locked'}]}, {'id': 'beat4', 'event': 'Amy retrieves her pistol and katana from storage.', 'beat_number': 4, 'state_effects': [{'op': 'set_item_state', 'entity': 'pistol', 'owner': 'Amy', 'value': 'held'}, {'op': 'set_item_state', 'entity': 'katana', 'owner': 'Amy', 'value': 'held'}]}, {'id': 'beat5', 'event': 'Amy equips her pistol and katana.', 'beat_number': 5, 'state_effects': [{'op': 'set_item_state', 'entity': 'pistol', 'owner': 'Amy', 'value': 'equipped'}, {'op': 'set_item_state', 'entity': 'katana', 'owner': 'Amy', 'value': 'equipped'}]}, {'id': 'beat6', 'event': 'Amy dismembers a zombie with her pistol.', 'beat_number': 6, 'state_effects': [{'op': 'set_threat_state', 'entity': 'zombie1', 'value': 'dead'}]}, {'id': 'beat7', 'event': 'Amy decapitates another zombie with her katana.', 'beat_number': 7, 'state_effects': [{'op': 'set_threat_state', 'entity': 'zombie2', 'value': 'dead'}]}, {'id': 'beat8', 'event': 'Amy kills the final zombie, her house becomes soaked in blood, and she releases Will and Amber from the basement.', 'beat_number': 8, 'state_effects': [{'op': 'set_threat_state', 'entity': 'zombie3', 'value': 'dead'}, {'op': 'set_condition', 'entity': 'house', 'value': 'soaked in blood'}, {'op': 'set_location', 'entity': 'Will', 'value': 'kitchen'}, {'op': 'set_location', 'entity': 'Amber', 'value': 'kitchen'}]}]}
Validating macro arc (attempt 1, response attempt 1/10).
Macro arc validation: INVALID — Explicit source majority sequence is under-allocated: The majority of the film is Amy killing (dismembering, decapitating, etc.) zombies as they try and attack her. is materially represented in 3/8 beats; more than half is required.
Repairing macro arc.
Validating macro arc (attempt 2, response attempt 1/10).
Macro arc validation: VALID
Saved validated story arc to C:\Users\J\AppData\Local\Temp\minimax-acceptance-gp4xkvp3\repo\story_arc.json.
Generating macro phase 1 (1 beats, global beats 1-1 of 8).
Requesting beats for phase 1 (attempt 1/10).
Accepted macro phase 1; collected 1/8 beats.
Generating macro phase 2 (1 beats, global beats 2-2 of 8).
Requesting beats for phase 2 (attempt 1/10).
Accepted macro phase 2; collected 2/8 beats.
Generating macro phase 3 (1 beats, global beats 3-3 of 8).
Requesting beats for phase 3 (attempt 1/10).
Accepted macro phase 3; collected 3/8 beats.
Generating macro phase 4 (1 beats, global beats 4-4 of 8).
Requesting beats for phase 4 (attempt 1/10).
Accepted macro phase 4; collected 4/8 beats.
Generating macro phase 5 (1 beats, global beats 5-5 of 8).
Requesting beats for phase 5 (attempt 1/10).
Accepted macro phase 5; collected 5/8 beats.
Generating macro phase 6 (1 beats, global beats 6-6 of 8).
Requesting beats for phase 6 (attempt 1/10).
Accepted macro phase 6; collected 6/8 beats.
Generating macro phase 7 (1 beats, global beats 7-7 of 8).
Requesting beats for phase 7 (attempt 1/10).
Accepted macro phase 7; collected 7/8 beats.
Generating macro phase 8 (1 beats, global beats 8-8 of 8).
Requesting beats for phase 8 (attempt 1/10).
Accepted macro phase 8; collected 8/8 beats.
Beat 1 jobs: current=beat1 - Amy cooks breakfast for Will and Amber in the kitchen.; next=beat2 - A zombie breaks the kitchen door window.; completed before=none; pending before=beat1, beat2, beat3, beat4, beat5, beat6, beat7, beat8
Validating Beat 1 (attempt 1/10) with the single beat validator.
Beat 1 validation attempt 1/10: INVALID; issue: Amy’s new clothes (tight black tank top and denim jeans) are set by a typed effect for this beat but the candidate beat does not mention her wearing them.
Validating Beat 1 (attempt 2/10) with the single beat validator.
Beat 1 validation attempt 2/10: VALID; issue: none
Required event beat1 applied persistent state: set_clothing = {"op": "set_clothing", "entity": "Amy", "slot": "upper", "item": "tight black tank top", "damage": "none"}
Required event beat1 applied persistent state: set_clothing = {"op": "set_clothing", "entity": "Amy", "slot": "lower", "item": "denim jeans", "damage": "none"}
Beat 1 accepted and finalized; committed required events: beat1; completed after=beat1
Beat 2 jobs: current=beat2 - A zombie breaks the kitchen door window.; next=beat3 - Amy rushes Will and Amber into the basement and locks the basement door.; completed before=beat1; pending before=beat2, beat3, beat4, beat5, beat6, beat7, beat8
Validating Beat 2 (attempt 1/10) with the single beat validator.
Beat 2 validation attempt 1/10: VALID; issue: none
Required event beat2 applied persistent state: set_threat_state = {"op": "set_threat_state", "entity": "zombie1", "value": "active"}
Required event beat2 applied persistent state: set_object_state = {"op": "set_object_state", "entity": "window", "value": "damaged"}
Required event beat2 applied persistent state: set_barrier_state = {"op": "set_barrier_state", "entity": "kitchen_door", "value": "broken"}
Beat 2 accepted and finalized; committed required events: beat2; completed after=beat1, beat2
Beat 3 jobs: current=beat3 - Amy rushes Will and Amber into the basement and locks the basement door.; next=beat4 - Amy retrieves her pistol and katana from storage, equips them, and kills a zombie with her pistol.; completed before=beat1, beat2; pending before=beat3, beat4, beat5, beat6, beat7, beat8
Validating Beat 3 (attempt 1/10) with the single beat validator.
Beat 3 validation attempt 1/10: INVALID; issue: Amy did not retrieve her pistol and katana, equip them, or kill a zombie as required by the current job.
Validating Beat 3 (attempt 2/10) with the single beat validator.
Beat 3 validation attempt 2/10: INVALID; issue: Amy did not retrieve or equip her pistol and katana, nor does she kill a zombie with the pistol in this beat.
Validating Beat 3 (attempt 3/10) with the single beat validator.
Beat 3 validation attempt 3/10: INVALID; issue: Does not retrieve the pistol/katana nor kill a zombie
Validating Beat 3 (attempt 4/10) with the single beat validator.
Beat 3 validation attempt 4/10: INVALID; issue: Missing retrieval and equipping of the katana
Validating Beat 3 (attempt 5/10) with the single beat validator.
Beat 3 validation attempt 5/10: INVALID; issue: Does not show Amy equipping the pistol or killing a zombie with it
Validating Beat 3 (attempt 6/10) with the single beat validator.
Beat 3 validation attempt 6/10: INVALID; issue: Missing retrieval/equipping of the katana and failure to show that the zombie was killed
Validating Beat 3 (attempt 7/10) with the single beat validator.
Beat 3 validation attempt 7/10: INVALID; issue: Missing retrieval of the pistol and killing a zombie with it
Validating Beat 3 (attempt 8/10) with the single beat validator.
Beat 3 validation attempt 8/10: INVALID; issue: Missing retrieval/equipping of the katana and no explicit mention that the zombie was killed
Validating Beat 3 (attempt 9/10) with the single beat validator.
Beat 3 validation attempt 9/10: INVALID; issue: Amy does not retrieve or equip her pistol, and she dispatches the zombie with a katana rather than killing it with her pistol as required by the current job.
Validating Beat 3 (attempt 10/10) with the single beat validator.
Beat 3 validation attempt 10/10: INVALID; issue: Did not retrieve or equip the pistol/katana nor kill a zombie as required by CURRENT JOB.
WARNING: beat process attempt 1 failed: Did not retrieve or equip the pistol/katana nor kill a zombie as required by CURRENT JOB.
Generating macro phase 3 (1 beats, global beats 3-3 of 8).
Requesting beats for phase 3 (attempt 1/10).
Accepted macro phase 3; collected 3/8 beats.
Generating macro phase 4 (1 beats, global beats 4-4 of 8).
Requesting beats for phase 4 (attempt 1/10).
Accepted macro phase 4; collected 4/8 beats.
Generating macro phase 5 (1 beats, global beats 5-5 of 8).
Requesting beats for phase 5 (attempt 1/10).
Accepted macro phase 5; collected 5/8 beats.
Generating macro phase 6 (1 beats, global beats 6-6 of 8).
Requesting beats for phase 6 (attempt 1/10).
Accepted macro phase 6; collected 6/8 beats.
Generating macro phase 7 (1 beats, global beats 7-7 of 8).
Requesting beats for phase 7 (attempt 1/10).
Accepted macro phase 7; collected 7/8 beats.
Generating macro phase 8 (1 beats, global beats 8-8 of 8).
Requesting beats for phase 8 (attempt 1/10).
Accepted macro phase 8; collected 8/8 beats.
Retrying phase 3 and all later phases with the same story arc; preserving beats 1-2.
Beat 3 jobs: current=beat3 - Amy rushes Will and Amber into the basement and locks the basement door.; next=beat4 - Amy retrieves her pistol and katana from storage, equips them, and kills a zombie with her pistol.; completed before=beat1, beat2; pending before=beat3, beat4, beat5, beat6, beat7, beat8
Validating Beat 3 (attempt 1/10) with the single beat validator.
Beat 3 validation attempt 1/10: INVALID; issue: Did not retrieve or equip her pistol and katana nor kill a zombie with the pistol
Validating Beat 3 (attempt 2/10) with the single beat validator.
Beat 3 validation attempt 2/10: INVALID; issue: Zombie not killed with her pistol as required
Validating Beat 3 (attempt 3/10) with the single beat validator.
Beat 3 validation attempt 3/10: INVALID; issue: Amy does not explicitly retrieve her pistol and katana from storage nor equip them before shooting the zombie.
Validating Beat 3 (attempt 4/10) with the single beat validator.
Beat 3 validation attempt 4/10: INVALID; issue: Doesn't retrieve or equip the pistol/katana nor kill a zombie; it only moves Will and Amber into the basement and closes the heavy door—no lock state shown.
Validating Beat 3 (attempt 5/10) with the single beat validator.
Beat 3 validation attempt 5/10: INVALID; issue: Amy did not retrieve her pistol and katana, equip them, nor kill a zombie with the pistol as required by CURRENT JOB
Validating Beat 3 (attempt 6/10) with the single beat validator.
Beat 3 validation attempt 6/10: INVALID; issue: Completed NEXT JOB too early
Validating Beat 3 (attempt 7/10) with the single beat validator.
Beat 3 validation attempt 7/10: INVALID; issue: Amy did not retrieve her pistol and katana, equip them, or kill a zombie with the pistol as required by CURRENT JOB
Validating Beat 3 (attempt 8/10) with the single beat validator.
Beat 3 validation attempt 8/10: INVALID; issue: Amy does not retrieve or equip her pistol and katana nor kill a zombie as required by CURRENT JOB
Validating Beat 3 (attempt 9/10) with the single beat validator.
Beat 3 validation attempt 9/10: INVALID; issue: Missing equip and kill actions for the pistol; locations of Will and Amber not set to basement and basement door not locked
Validating Beat 3 (attempt 10/10) with the single beat validator.
Beat 3 validation attempt 10/10: INVALID; issue: Did not retrieve or equip the katana as required by CURRENT JOB
WARNING: beat process attempt 1 failed: Did not retrieve or equip the katana as required by CURRENT JOB
Generating macro phase 3 (1 beats, global beats 3-3 of 8).
Requesting beats for phase 3 (attempt 1/10).
Accepted macro phase 3; collected 3/8 beats.
Generating macro phase 4 (1 beats, global beats 4-4 of 8).
Requesting beats for phase 4 (attempt 1/10).
Accepted macro phase 4; collected 4/8 beats.
Generating macro phase 5 (1 beats, global beats 5-5 of 8).
Requesting beats for phase 5 (attempt 1/10).
Accepted macro phase 5; collected 5/8 beats.
Generating macro phase 6 (1 beats, global beats 6-6 of 8).
Requesting beats for phase 6 (attempt 1/10).
Accepted macro phase 6; collected 6/8 beats.
Generating macro phase 7 (1 beats, global beats 7-7 of 8).
Requesting beats for phase 7 (attempt 1/10).
Accepted macro phase 7; collected 7/8 beats.
Generating macro phase 8 (1 beats, global beats 8-8 of 8).
Requesting beats for phase 8 (attempt 1/10).
Accepted macro phase 8; collected 8/8 beats.
Retrying phase 3 and all later phases with the same story arc; preserving beats 1-2.
Beat 3 jobs: current=beat3 - Amy rushes Will and Amber into the basement and locks the basement door.; next=beat4 - Amy retrieves her pistol and katana from storage, equips them, and kills a zombie with her pistol.; completed before=beat1, beat2; pending before=beat3, beat4, beat5, beat6, beat7, beat8
Validating Beat 3 (attempt 1/10) with the single beat validator.
Beat 3 validation attempt 1/10: INVALID; issue: does not retrieve or equip the pistol and katana, nor does it kill a zombie with the pistol
Validating Beat 3 (attempt 2/10) with the single beat validator.
Beat 3 validation attempt 2/10: INVALID; issue: does not retrieve, equip, or kill a zombie
Validating Beat 3 (attempt 3/10) with the single beat validator.
Beat 3 validation attempt 3/10: INVALID; issue: does not include retrieving the pistol and katana, equipping them, or killing a zombie
Validating Beat 3 (attempt 4/10) with the single beat validator.
Beat 3 validation attempt 4/10: INVALID; issue: Zombie killed with katana instead of pistol
Validating Beat 3 (attempt 5/10) with the single beat validator.
Beat 3 validation attempt 5/10: INVALID; issue: Missing weapon retrieval/equipping and zombie killing
Validating Beat 3 (attempt 6/10) with the single beat validator.
Beat 3 validation attempt 6/10: INVALID; issue: Amy did not kill a zombie with her pistol in this beat
Validating Beat 3 (attempt 7/10) with the single beat validator.
Beat 3 validation attempt 7/10: INVALID; issue: Amy only grabs a pistol but never retrieves or equips her katana from storage, does not explicitly lock the basement door, and merely shoots an approaching zombie without confirming its death.
Validating Beat 3 (attempt 8/10) with the single beat validator.
Beat 3 validation attempt 8/10: INVALID; issue: The beat does not show Amy killing a zombie with her pistol as required by the current job.
Validating Beat 3 (attempt 9/10) with the single beat validator.
Beat 3 validation attempt 9/10: INVALID; issue: Missing retrieval/equipping of the katana and failure to lock the basement door
Validating Beat 3 (attempt 10/10) with the single beat validator.
Beat 3 validation attempt 10/10: INVALID; issue: Missing action: kills a zombie with her pistol
WARNING: beat process attempt 1 failed: Missing action: kills a zombie with her pistol
Generating macro phase 3 (1 beats, global beats 3-3 of 8).
Requesting beats for phase 3 (attempt 1/10).
Accepted macro phase 3; collected 3/8 beats.
Generating macro phase 4 (1 beats, global beats 4-4 of 8).
Requesting beats for phase 4 (attempt 1/10).
Accepted macro phase 4; collected 4/8 beats.
Generating macro phase 5 (1 beats, global beats 5-5 of 8).
Requesting beats for phase 5 (attempt 1/10).
Accepted macro phase 5; collected 5/8 beats.
Generating macro phase 6 (1 beats, global beats 6-6 of 8).
Requesting beats for phase 6 (attempt 1/10).
Accepted macro phase 6; collected 6/8 beats.
Generating macro phase 7 (1 beats, global beats 7-7 of 8).
Requesting beats for phase 7 (attempt 1/10).
Accepted macro phase 7; collected 7/8 beats.
Generating macro phase 8 (1 beats, global beats 8-8 of 8).
Requesting beats for phase 8 (attempt 1/10).
Accepted macro phase 8; collected 8/8 beats.
Retrying phase 3 and all later phases with the same story arc; preserving beats 1-2.
Beat 3 jobs: current=beat3 - Amy rushes Will and Amber into the basement and locks the basement door.; next=beat4 - Amy retrieves her pistol and katana from storage, equips them, and kills a zombie with her pistol.; completed before=beat1, beat2; pending before=beat3, beat4, beat5, beat6, beat7, beat8
Validating Beat 3 (attempt 1/10) with the single beat validator.
Beat 3 validation attempt 1/10: INVALID; issue: Amy does not retrieve her pistol and katana, equip them, or kill a zombie as required by the CURRENT JOB.
Validating Beat 3 (attempt 2/10) with the single beat validator.
Beat 3 validation attempt 2/10: INVALID; issue: Doesn't retrieve or equip the pistol/katana nor kill a zombie as required by CURRENT JOB
Validating Beat 3 (attempt 3/10) with the single beat validator.
Beat 3 validation attempt 3/10: INVALID; issue: does not show the pistol being fired to kill a zombie or that Amy equips her weapons
Validating Beat 3 (attempt 4/10) with the single beat validator.
Beat 3 validation attempt 4/10: INVALID; issue: Does not retrieve the katana nor explicitly kill the zombie
Validating Beat 3 (attempt 5/10) with the single beat validator.
Beat 3 validation attempt 5/10: INVALID; issue: Amy did not retrieve her pistol nor kill a zombie with it in this beat
Validating Beat 3 (attempt 6/10) with the single beat validator.
Beat 3 validation attempt 6/10: INVALID; issue: Amy only grabs the pistol and moves Will and Amber into the basement; she does not equip her weapons or kill a zombie as required by the CURRENT JOB.
Validating Beat 3 (attempt 7/10) with the single beat validator.
Beat 3 validation attempt 7/10: INVALID; issue: Missed equipping the pistol (and katana) and killing a zombie; also did not lock the basement door
Validating Beat 3 (attempt 8/10) with the single beat validator.
Beat 3 validation attempt 8/10: INVALID; issue: Killed the zombie but not explicitly with her pistol
Validating Beat 3 (attempt 9/10) with the single beat validator.
Beat 3 validation attempt 9/10: INVALID; issue: Did not retrieve or equip her pistol and katana, nor did she kill a zombie with her pistol as required by CURRENT JOB
Validating Beat 3 (attempt 10/10) with the single beat validator.
Beat 3 validation attempt 10/10: INVALID; issue: did not retrieve or equip the katana
WARNING: beat process attempt 1 failed: did not retrieve or equip the katana
Generating macro phase 3 (1 beats, global beats 3-3 of 8).
Requesting beats for phase 3 (attempt 1/10).
Accepted macro phase 3; collected 3/8 beats.
Generating macro phase 4 (1 beats, global beats 4-4 of 8).
Requesting beats for phase 4 (attempt 1/10).
Accepted macro phase 4; collected 4/8 beats.
Generating macro phase 5 (1 beats, global beats 5-5 of 8).
Requesting beats for phase 5 (attempt 1/10).
Accepted macro phase 5; collected 5/8 beats.
Generating macro phase 6 (1 beats, global beats 6-6 of 8).
Requesting beats for phase 6 (attempt 1/10).
Accepted macro phase 6; collected 6/8 beats.
Generating macro phase 7 (1 beats, global beats 7-7 of 8).
Requesting beats for phase 7 (attempt 1/10).
Accepted macro phase 7; collected 7/8 beats.
Generating macro phase 8 (1 beats, global beats 8-8 of 8).
Requesting beats for phase 8 (attempt 1/10).
Accepted macro phase 8; collected 8/8 beats.
Retrying phase 3 and all later phases with the same story arc; preserving beats 1-2.
Beat 3 jobs: current=beat3 - Amy rushes Will and Amber into the basement and locks the basement door.; next=beat4 - Amy retrieves her pistol and katana from storage, equips them, and kills a zombie with her pistol.; completed before=beat1, beat2; pending before=beat3, beat4, beat5, beat6, beat7, beat8
Validating Beat 3 (attempt 1/10) with the single beat validator.
Beat 3 validation attempt 1/10: INVALID; issue: Amy does not retrieve her pistol and katana, equip them, nor kill a zombie in this beat
Validating Beat 3 (attempt 2/10) with the single beat validator.
Beat 3 validation attempt 2/10: INVALID; issue: Did not retrieve or equip the pistol and katana, nor kill a zombie with her pistol.
Validating Beat 3 (attempt 3/10) with the single beat validator.
Beat 3 validation attempt 3/10: INVALID; issue: Missing retrieval of pistol and katana, equipping them, and killing the zombie
Validating Beat 3 (attempt 4/10) with the single beat validator.
Beat 3 validation attempt 4/10: INVALID; issue: Kills a zombie, completing the NEXT JOB early
Validating Beat 3 (attempt 5/10) with the single beat validator.
Beat 3 validation attempt 5/10: INVALID; issue: Amy does not retrieve or equip her pistol and katana nor kill a zombie in this beat
Validating Beat 3 (attempt 6/10) with the single beat validator.
Beat 3 validation attempt 6/10: INVALID; issue: Did not retrieve or equip her pistol and katana nor kill a zombie as required by CURRENT JOB.
Validating Beat 3 (attempt 7/10) with the single beat validator.
Beat 3 validation attempt 7/10: INVALID; issue: did not equip the pistol or kill the zombie with it
Validating Beat 3 (attempt 8/10) with the single beat validator.
Beat 3 validation attempt 8/10: INVALID; issue: did not retrieve or equip the katana
Validating Beat 3 (attempt 9/10) with the single beat validator.
Beat 3 validation attempt 9/10: INVALID; issue: Amy did not retrieve her pistol and katana, equip them, nor kill a zombie in this beat
Validating Beat 3 (attempt 10/10) with the single beat validator.
Beat 3 validation attempt 10/10: INVALID; issue: Did not retrieve or equip the pistol and katana, nor kill a zombie with the pistol.
WARNING: beat process attempt 1 failed: Did not retrieve or equip the pistol and katana, nor kill a zombie with the pistol.
Generating macro phase 3 (1 beats, global beats 3-3 of 8).
Requesting beats for phase 3 (attempt 1/10).
Accepted macro phase 3; collected 3/8 beats.
Generating macro phase 4 (1 beats, global beats 4-4 of 8).
Requesting beats for phase 4 (attempt 1/10).
Accepted macro phase 4; collected 4/8 beats.
Generating macro phase 5 (1 beats, global beats 5-5 of 8).
Requesting beats for phase 5 (attempt 1/10).
Accepted macro phase 5; collected 5/8 beats.
Generating macro phase 6 (1 beats, global beats 6-6 of 8).
Requesting beats for phase 6 (attempt 1/10).
Accepted macro phase 6; collected 6/8 beats.
Generating macro phase 7 (1 beats, global beats 7-7 of 8).
Requesting beats for phase 7 (attempt 1/10).
Accepted macro phase 7; collected 7/8 beats.
Generating macro phase 8 (1 beats, global beats 8-8 of 8).
Requesting beats for phase 8 (attempt 1/10).
Accepted macro phase 8; collected 8/8 beats.
Retrying phase 3 and all later phases with the same story arc; preserving beats 1-2.
Beat 3 jobs: current=beat3 - Amy rushes Will and Amber into the basement and locks the basement door.; next=beat4 - Amy retrieves her pistol and katana from storage, equips them, and kills a zombie with her pistol.; completed before=beat1, beat2; pending before=beat3, beat4, beat5, beat6, beat7, beat8
Validating Beat 3 (attempt 1/10) with the single beat validator.
Beat 3 validation attempt 1/10: INVALID; issue: Amy does not retrieve her pistol and katana from storage, equip them, nor kill a zombie with her pistol as required by the CURRENT JOB.
Validating Beat 3 (attempt 2/10) with the single beat validator.
Beat 3 validation attempt 2/10: INVALID; issue: Killing a zombie in this beat finishes the distinct NEXT JOB early and the action is only described as shooting rather than explicitly killing.
Validating Beat 3 (attempt 3/10) with the single beat validator.
Beat 3 validation attempt 3/10: INVALID; issue: Does not retrieve or equip weapons and does not kill the zombie as required by CURRENT JOB
Validating Beat 3 (attempt 4/10) with the single beat validator.
Beat 3 validation attempt 4/10: INVALID; issue: Did not retrieve the katana from storage as required by CURRENT JOB
Validating Beat 3 (attempt 5/10) with the single beat validator.
Beat 3 validation attempt 5/10: INVALID; issue: Does not retrieve the pistol, equip any weapon, or kill a zombie as required by CURRENT JOB
Validating Beat 3 (attempt 6/10) with the single beat validator.
Beat 3 validation attempt 6/10: INVALID; issue: does not explicitly show Amy equipping the weapons or firing her pistol to kill the zombie
Validating Beat 3 (attempt 7/10) with the single beat validator.
Beat 3 validation attempt 7/10: INVALID; issue: The beat slams the basement door shut but does not state it being locked, so the required action of locking the basement door is missing.
Validating Beat 3 (attempt 8/10) with the single beat validator.
Beat 3 validation attempt 8/10: INVALID; issue: Did not retrieve the pistol and katana nor kill a zombie as required by CURRENT JOB
Validating Beat 3 (attempt 9/10) with the single beat validator.
Beat 3 validation attempt 9/10: INVALID; issue: Amy only retrieves the pistol and katana; she does not equip them or kill a zombie with her pistol as required by CURRENT JOB.
Validating Beat 3 (attempt 10/10) with the single beat validator.
Beat 3 validation attempt 10/10: INVALID; issue: Missing retrieval of the pistol and katana, equipping them, and killing a zombie as required by CURRENT JOB
WARNING: beat process attempt 1 failed: Missing retrieval of the pistol and katana, equipping them, and killing a zombie as required by CURRENT JOB
Generating macro phase 3 (1 beats, global beats 3-3 of 8).
Requesting beats for phase 3 (attempt 1/10).
Accepted macro phase 3; collected 3/8 beats.
Generating macro phase 4 (1 beats, global beats 4-4 of 8).
Requesting beats for phase 4 (attempt 1/10).
Accepted macro phase 4; collected 4/8 beats.
Generating macro phase 5 (1 beats, global beats 5-5 of 8).
Requesting beats for phase 5 (attempt 1/10).
Accepted macro phase 5; collected 5/8 beats.
Generating macro phase 6 (1 beats, global beats 6-6 of 8).
Requesting beats for phase 6 (attempt 1/10).
Accepted macro phase 6; collected 6/8 beats.
Generating macro phase 7 (1 beats, global beats 7-7 of 8).
Requesting beats for phase 7 (attempt 1/10).
Accepted macro phase 7; collected 7/8 beats.
Generating macro phase 8 (1 beats, global beats 8-8 of 8).
Requesting beats for phase 8 (attempt 1/10).
Accepted macro phase 8; collected 8/8 beats.
Retrying phase 3 and all later phases with the same story arc; preserving beats 1-2.
Beat 3 jobs: current=beat3 - Amy rushes Will and Amber into the basement and locks the basement door.; next=beat4 - Amy retrieves her pistol and katana from storage, equips them, and kills a zombie with her pistol.; completed before=beat1, beat2; pending before=beat3, beat4, beat5, beat6, beat7, beat8
Validating Beat 3 (attempt 1/10) with the single beat validator.
Beat 3 validation attempt 1/10: VALID; issue: none
Required event beat3 applied persistent state: set_location = {"op": "set_location", "entity": "Will", "value": "basement"}
Required event beat3 applied persistent state: set_location = {"op": "set_location", "entity": "Amber", "value": "basement"}
Required event beat3 applied persistent state: set_barrier_state = {"op": "set_barrier_state", "entity": "basement_door", "value": "locked"}
Beat 3 accepted and finalized; committed required events: beat3; completed after=beat1, beat2, beat3
Beat 4 jobs: current=beat4 - Amy retrieves her pistol and katana from storage, equips them, and kills a zombie with her pistol.; next=beat5 - Amy decapitates a zombie with her katana.; completed before=beat1, beat2, beat3; pending before=beat4, beat5, beat6, beat7, beat8
Validating Beat 4 (attempt 1/10) with the single beat validator.
Beat 4 validation attempt 1/10: VALID; issue: none
Required event beat4 applied persistent state: set_item_state = {"op": "set_item_state", "entity": "pistol", "owner": "Amy", "value": "equipped"}
Required event beat4 applied persistent state: set_item_state = {"op": "set_item_state", "entity": "katana", "owner": "Amy", "value": "equipped"}
Required event beat4 applied persistent state: set_threat_state = {"op": "set_threat_state", "entity": "zombie1", "value": "dead"}
Beat 4 accepted and finalized; committed required events: beat4; completed after=beat1, beat2, beat3, beat4
Beat 5 jobs: current=beat5 - Amy decapitates a zombie with her katana.; next=beat6 - Amy dismembers another zombie with her pistol.; completed before=beat1, beat2, beat3, beat4; pending before=beat5, beat6, beat7, beat8
Validating Beat 5 (attempt 1/10) with the single beat validator.
Beat 5 validation attempt 1/10: VALID; issue: none
Required event beat5 applied persistent state: set_threat_state = {"op": "set_threat_state", "entity": "zombie2", "value": "dead"}
Beat 5 accepted and finalized; committed required events: beat5; completed after=beat1, beat2, beat3, beat4, beat5
Beat 6 jobs: current=beat6 - Amy dismembers another zombie with her pistol.; next=beat7 - Amy decapitates yet another zombie with her katana.; completed before=beat1, beat2, beat3, beat4, beat5; pending before=beat6, beat7, beat8
Validating Beat 6 (attempt 1/10) with the single beat validator.
Beat 6 validation attempt 1/10: VALID; issue: none
Required event beat6 applied persistent state: set_threat_state = {"op": "set_threat_state", "entity": "zombie3", "value": "dead"}
Beat 6 accepted and finalized; committed required events: beat6; completed after=beat1, beat2, beat3, beat4, beat5, beat6
Beat 7 jobs: current=beat7 - Amy decapitates yet another zombie with her katana.; next=beat8 - Amy kills the final zombie, her house becomes soaked in blood, and she releases Will and Amber from the basement.; completed before=beat1, beat2, beat3, beat4, beat5, beat6; pending before=beat7, beat8
Validating Beat 7 (attempt 1/10) with the single beat validator.
Beat 7 validation attempt 1/10: VALID; issue: none
Required event beat7 applied persistent state: set_threat_state = {"op": "set_threat_state", "entity": "zombie4", "value": "dead"}
Beat 7 accepted and finalized; committed required events: beat7; completed after=beat1, beat2, beat3, beat4, beat5, beat6, beat7
Beat 8 jobs: current=beat8 - Amy kills the final zombie, her house becomes soaked in blood, and she releases Will and Amber from the basement.; next=none; completed before=beat1, beat2, beat3, beat4, beat5, beat6, beat7; pending before=beat8
Validating Beat 8 (attempt 1/10) with the single beat validator.
Beat 8 validation attempt 1/10: VALID; issue: none
Required event beat8 applied persistent state: set_threat_state = {"op": "set_threat_state", "entity": "zombie5", "value": "dead"}
Required event beat8 applied persistent state: set_condition = {"op": "set_condition", "entity": "house", "value": "soaked in blood"}
Required event beat8 applied persistent state: set_location = {"op": "set_location", "entity": "Will", "value": "kitchen"}
Required event beat8 applied persistent state: set_location = {"op": "set_location", "entity": "Amber", "value": "kitchen"}
Beat 8 accepted and finalized; committed required events: beat8; completed after=beat1, beat2, beat3, beat4, beat5, beat6, beat7, beat8
Story arc and beats generated successfully.
