Added States: 
Emergency stop: press Ctrl+C (or Ctrl+Q on Windows).
Generating the story arc and beats based on story.txt
Asking LM Studio to replace C:\Users\J\AppData\Local\Temp\minimax-acceptance-qxnxooty\repo\beats.txt with 8 creative story beats.

=== Source-span planning attempt 1/10 ===
Source-span planner could not produce a fully deterministic beat/source plan; falling back to the legacy ARC loop: Source-unit state effect set_clothing item 'tight black tank top' is not explicitly grounded in SOURCE UNIT.

=== Legacy macro arc generation attempt 1/10 ===
Requesting macro arc (attempt 1, response attempt 1/10).
{'events': [{'id': 'beat1', 'event': 'Amy cooks breakfast for Will and Amber while wearing a tight black tank top and denim jeans.', 'beat_number': 1, 'state_effects': [{'op': 'set_location', 'entity': 'Amy', 'value': 'kitchen'}, {'op': 'set_clothing', 'entity': 'Amy', 'slot': 'upper', 'item': 'tight black tank top', 'damage': 'none'}]}, {'id': 'beat2', 'event': 'A zombie breaks the kitchen door window, startling Amy.', 'beat_number': 2, 'state_effects': [{'op': 'set_object_state', 'entity': 'kitchen_door', 'value': 'damaged'}, {'op': 'set_threat_state', 'entity': 'zombie', 'value': 'active'}]}, {'id': 'beat3', 'event': 'Amy rushes Will and Amber to the basement, gets them inside, and locks the basement door.', 'beat_number': 3, 'state_effects': [{'op': 'set_location', 'entity': 'Will', 'value': 'basement'}, {'op': 'set_location', 'entity': 'Amber', 'value': 'basement'}, {'op': 'set_barrier_state', 'entity': 'basement_door', 'value': 'locked'}]}, {'id': 'beat4', 'event': 'Amy retrieves her hidden arsenal—a pistol and a katana—and equips both weapons as the first zombie attacks.', 'beat_number': 4, 'state_effects': [{'op': 'set_item_state', 'entity': 'pistol', 'owner': 'Amy', 'value': 'equipped'}, {'op': 'set_item_state', 'entity': 'katana', 'owner': 'Amy', 'value': 'equipped'}, {'op': 'set_threat_state', 'entity': 'zombie1', 'value': 'dead'}]}, {'id': 'beat5', 'event': 'Amy kills the second zombie that attempts to breach her basement.', 'beat_number': 5, 'state_effects': [{'op': 'set_threat_state', 'entity': 'zombie2', 'value': 'dead'}]}, {'id': 'beat6', 'event': 'She dispatches a third zombie, slicing it with the katana.', 'beat_number': 6, 'state_effects': [{'op': 'set_threat_state', 'entity': 'zombie3', 'value': 'dead'}]}, {'id': 'beat7', 'event': 'A fourth zombie lunges at her, but Amy decapitates it with the pistol.', 'beat_number': 7, 'state_effects': [{'op': 'set_threat_state', 'entity': 'zombie4', 'value': 'dead'}]}, {'id': 'beat8', 'event': 'Amy kills the last zombie, leaving the house soaked in blood; she lets Will and Amber out of the basement.', 'beat_number': 8, 'state_effects': [{'op': 'set_threat_state', 'entity': 'zombie5', 'value': 'dead'}, {'op': 'set_condition', 'entity': 'house', 'value': 'blood-soaked'}, {'op': 'set_location', 'entity': 'Will', 'value': 'kitchen'}, {'op': 'set_location', 'entity': 'Amber', 'value': 'kitchen'}]}]}
Validating macro arc (attempt 1, response attempt 1/10).
Macro arc validation: INVALID — Explicit source majority sequence is under-allocated: The majority of the film is Amy killing (dismembering, decapitating, etc.) zombies as they try and attack her. is materially represented in 4/8 beats; more than half is required.
Repairing macro arc.
Validating macro arc (attempt 2, response attempt 1/10).
Macro arc validation: INVALID — beat1 missing denim jeans clothing
Repairing macro arc.
Validating macro arc (attempt 3, response attempt 1/10).
Macro arc validation: VALID
Saved story arc to C:\Users\J\AppData\Local\Temp\minimax-acceptance-qxnxooty\repo\story_arc.json.
Generating macro phase 1 (1 beats, global beats 1-1 of 8).
Requesting beats for phase 1 (attempt 1/10).
Accepted macro phase 1; collected 1/8 beats.
Generating macro phase 2 (1 beats, global beats 2-2 of 8).
Requesting beats for phase 2 (attempt 1/10).
Accepted macro phase 2; collected 2/8 beats.
Generating macro phase 3 (1 beats, global beats 3-3 of 8).
Requesting beats for phase 3 (attempt 1/10).
Accepted macro phase 3; collected 3/8 beats.
Generating macro phase 4 (1 beats, global beats 4-4 of 8).
Requesting beats for phase 4 (attempt 1/10).
Accepted macro phase 4; collected 4/8 beats.
Generating macro phase 5 (1 beats, global beats 5-5 of 8).
Requesting beats for phase 5 (attempt 1/10).
Accepted macro phase 5; collected 5/8 beats.
Generating macro phase 6 (1 beats, global beats 6-6 of 8).
Requesting beats for phase 6 (attempt 1/10).
Accepted macro phase 6; collected 6/8 beats.
Generating macro phase 7 (1 beats, global beats 7-7 of 8).
Requesting beats for phase 7 (attempt 1/10).
Accepted macro phase 7; collected 7/8 beats.
Generating macro phase 8 (1 beats, global beats 8-8 of 8).
Requesting beats for phase 8 (attempt 1/10).
Accepted macro phase 8; collected 8/8 beats.
Beat 1 jobs: current=beat1 - Amy cooks breakfast for Will and Amber while wearing a tight black tank top and denim jeans.; next=beat2 - A zombie breaks the kitchen door window, startling Amy.; completed before=none; pending before=beat1, beat2, beat3, beat4, beat5, beat6, beat7, beat8
Validating Beat 1 (attempt 1/10) with the single beat validator.
Beat 1 validation attempt 1/10: VALID; issue: none
Required event beat1 applied persistent state: set_location = {"op": "set_location", "entity": "Amy", "value": "kitchen"}
Required event beat1 applied persistent state: set_clothing = {"op": "set_clothing", "entity": "Amy", "slot": "upper", "item": "tight black tank top", "damage": "none"}
Required event beat1 applied persistent state: set_clothing = {"op": "set_clothing", "entity": "Amy", "slot": "lower", "item": "denim jeans", "damage": "none"}
Beat 1 accepted and finalized; committed required events: beat1; completed after=beat1
Beat 2 jobs: current=beat2 - A zombie breaks the kitchen door window, startling Amy.; next=beat3 - Amy rushes Will and Amber to the basement, locks the basement door, then retrieves her hidden arsenal—a pistol and a katana—and equips both weapons.; completed before=beat1; pending before=beat2, beat3, beat4, beat5, beat6, beat7, beat8
Validating Beat 2 (attempt 1/10) with the single beat validator.
Beat 2 validation attempt 1/10: VALID; issue: none
Required event beat2 applied persistent state: set_object_state = {"op": "set_object_state", "entity": "kitchen_door", "value": "damaged"}
Required event beat2 applied persistent state: set_threat_state = {"op": "set_threat_state", "entity": "zombie", "value": "active"}
Beat 2 accepted and finalized; committed required events: beat2; completed after=beat1, beat2
Beat 3 jobs: current=beat3 - Amy rushes Will and Amber to the basement, locks the basement door, then retrieves her hidden arsenal—a pistol and a katana—and equips both weapons.; next=beat4 - Amy kills the first zombie that attempts to breach her basement.; completed before=beat1, beat2; pending before=beat3, beat4, beat5, beat6, beat7, beat8
Validating Beat 3 (attempt 1/10) with the single beat validator.
Beat 3 validation attempt 1/10: VALID; issue: none
Required event beat3 applied persistent state: set_location = {"op": "set_location", "entity": "Will", "value": "basement"}
Required event beat3 applied persistent state: set_location = {"op": "set_location", "entity": "Amber", "value": "basement"}
Required event beat3 applied persistent state: set_barrier_state = {"op": "set_barrier_state", "entity": "basement_door", "value": "locked"}
Required event beat3 applied persistent state: set_item_state = {"op": "set_item_state", "entity": "pistol", "owner": "Amy", "value": "equipped"}
Required event beat3 applied persistent state: set_item_state = {"op": "set_item_state", "entity": "katana", "owner": "Amy", "value": "equipped"}
Beat 3 accepted and finalized; committed required events: beat3; completed after=beat1, beat2, beat3
Beat 4 jobs: current=beat4 - Amy kills the first zombie that attempts to breach her basement.; next=beat5 - She kills the second zombie that breaches her basement.; completed before=beat1, beat2, beat3; pending before=beat4, beat5, beat6, beat7, beat8
Validating Beat 4 (attempt 1/10) with the single beat validator.
Beat 4 validation attempt 1/10: VALID; issue: none
Required event beat4 applied persistent state: set_threat_state = {"op": "set_threat_state", "entity": "zombie1", "value": "dead"}
Beat 4 accepted and finalized; committed required events: beat4; completed after=beat1, beat2, beat3, beat4
Beat 5 jobs: current=beat5 - She kills the second zombie that breaches her basement.; next=beat6 - She slices a third zombie with the katana.; completed before=beat1, beat2, beat3, beat4; pending before=beat5, beat6, beat7, beat8
Validating Beat 5 (attempt 1/10) with the single beat validator.
Beat 5 validation attempt 1/10: VALID; issue: none
Required event beat5 applied persistent state: set_threat_state = {"op": "set_threat_state", "entity": "zombie2", "value": "dead"}
Beat 5 accepted and finalized; committed required events: beat5; completed after=beat1, beat2, beat3, beat4, beat5
Beat 6 jobs: current=beat6 - She slices a third zombie with the katana.; next=beat7 - A fourth zombie lunges at her, but Amy decapitates it with the pistol.; completed before=beat1, beat2, beat3, beat4, beat5; pending before=beat6, beat7, beat8
Validating Beat 6 (attempt 1/10) with the single beat validator.
Beat 6 validation attempt 1/10: VALID; issue: none
Required event beat6 applied persistent state: set_threat_state = {"op": "set_threat_state", "entity": "zombie3", "value": "dead"}
Beat 6 accepted and finalized; committed required events: beat6; completed after=beat1, beat2, beat3, beat4, beat5, beat6
Beat 7 jobs: current=beat7 - A fourth zombie lunges at her, but Amy decapitates it with the pistol.; next=beat8 - Amy kills the last zombie, leaving the house soaked in blood; she lets Will and Amber out of the basement.; completed before=beat1, beat2, beat3, beat4, beat5, beat6; pending before=beat7, beat8
Validating Beat 7 (attempt 1/10) with the single beat validator.
Beat 7 validation attempt 1/10: VALID; issue: none
Required event beat7 applied persistent state: set_threat_state = {"op": "set_threat_state", "entity": "zombie4", "value": "dead"}
Beat 7 accepted and finalized; committed required events: beat7; completed after=beat1, beat2, beat3, beat4, beat5, beat6, beat7
Beat 8 jobs: current=beat8 - Amy kills the last zombie, leaving the house soaked in blood; she lets Will and Amber out of the basement.; next=none; completed before=beat1, beat2, beat3, beat4, beat5, beat6, beat7; pending before=beat8
Validating Beat 8 (attempt 1/10) with the single beat validator.
Beat 8 validation attempt 1/10: INVALID; issue: The basement door is still marked locked yet the beat claims it’s opened, and Will and Amber are described stepping into daylight instead of being positioned inside the kitchen as the state effect requires.
Beat 8 validation attempt 2/10: INVALID; issue: Beat failed structural validation: Beat dropped named Subject(s) explicitly required by CURRENT JOB: Amy
Validating Beat 8 (attempt 3/10) with the single beat validator.
Beat 8 validation attempt 3/10: VALID; issue: none
Required event beat8 applied persistent state: set_threat_state = {"op": "set_threat_state", "entity": "zombie5", "value": "dead"}
Required event beat8 applied persistent state: set_condition = {"op": "set_condition", "entity": "house", "value": "blood-soaked"}
Required event beat8 applied persistent state: set_location = {"op": "set_location", "entity": "Will", "value": "kitchen"}
Required event beat8 applied persistent state: set_location = {"op": "set_location", "entity": "Amber", "value": "kitchen"}
Beat 8 accepted and finalized; committed required events: beat8; completed after=beat1, beat2, beat3, beat4, beat5, beat6, beat7, beat8
Story arc and beats generated successfully.
