Added States: 
Emergency stop: press Ctrl+C (or Ctrl+Q on Windows).
Generating the story arc and beats based on story.txt
FATAL: prompt-generation run stopped at first real failure: ValueError: Canonical fact has an invalid or duplicate field.
Traceback (most recent call last):
  File "C:\Users\J\AppData\Local\Temp\minimax-acceptance-ubsa91v_\repo\minimax.py", line 32104, in main
    return _run_main(
           ^^^^^^^^^^
  File "C:\Users\J\AppData\Local\Temp\minimax-acceptance-ubsa91v_\repo\minimax.py", line 30225, in _run_main
    character_canon = load_or_generate_character_canon(
                      ^^^^^^^^^^^^^^^^^^^^^^^^^^^^^^^^^
  File "C:\Users\J\AppData\Local\Temp\minimax-acceptance-ubsa91v_\repo\minimax.py", line 5876, in load_or_generate_character_canon
    canon = parse_character_canon_result(raw_result)
            ^^^^^^^^^^^^^^^^^^^^^^^^^^^^^^^^^^^^^^^^
  File "C:\Users\J\AppData\Local\Temp\minimax-acceptance-ubsa91v_\repo\minimax.py", line 5764, in parse_character_canon_result
    raise ValueError("Canonical fact has an invalid or duplicate field.")
ValueError: Canonical fact has an invalid or duplicate field.
Traceback (most recent call last):
  File "C:\Users\J\AppData\Local\Temp\minimax-acceptance-ubsa91v_\repo\minimax.py", line 32176, in <module>
    main()
  File "C:\Users\J\AppData\Local\Temp\minimax-acceptance-ubsa91v_\repo\minimax.py", line 32104, in main
    return _run_main(
           ^^^^^^^^^^
  File "C:\Users\J\AppData\Local\Temp\minimax-acceptance-ubsa91v_\repo\minimax.py", line 30225, in _run_main
    character_canon = load_or_generate_character_canon(
                      ^^^^^^^^^^^^^^^^^^^^^^^^^^^^^^^^^
  File "C:\Users\J\AppData\Local\Temp\minimax-acceptance-ubsa91v_\repo\minimax.py", line 5876, in load_or_generate_character_canon
    canon = parse_character_canon_result(raw_result)
            ^^^^^^^^^^^^^^^^^^^^^^^^^^^^^^^^^^^^^^^^
  File "C:\Users\J\AppData\Local\Temp\minimax-acceptance-ubsa91v_\repo\minimax.py", line 5764, in parse_character_canon_result
    raise ValueError("Canonical fact has an invalid or duplicate field.")
ValueError: Canonical fact has an invalid or duplicate field.
