Added States: 
Emergency stop: press Ctrl+C (or Ctrl+Q on Windows).
Generating the story arc and beats based on story.txt
Asking LM Studio to replace C:\Users\J\AppData\Local\Temp\minimax-acceptance-vv0tvyhb\repo\beats.txt with 8 creative story beats.

=== Macro arc generation attempt 1/10 ===
Requesting macro arc (attempt 1, response attempt 1/10).
{'events': [{'id': 'event_1', 'event': 'Amy cooks breakfast for her kids in a calm home environment.', 'beat_number': 1, 'state_effects': []}, {'id': 'event_2', 'event': 'A zombie breaks the kitchen door window, alerting Amy to the danger.', 'beat_number': 2, 'depends_on': ['event_1']}, {'id': 'event_3', 'event': 'Amy rushes her kids to the basement and locks them inside while retrieving her hidden arsenal of a pistol and katana.', 'beat_number': 3, 'depends_on': ['event_2']}, {'id': 'event_4', 'event': 'Amy equips herself with the pistol and katana, preparing to fight off the zombies.', 'beat_number': 4, 'depends_on': ['event_3']}, {'id': 'event_5', 'event': 'Amy kills a group of zombies attacking her house.', 'beat_number': 5, 'depends_on': ['event_4']}, {'id': 'event_6', 'event': 'Amy continues to fight and kill more zombies, defending her home.', 'beat_number': 6, 'depends_on': ['event_5']}, {'id': 'event_7', 'event': 'Amy kills the last of the zombies, leaving her house soaked in blood.', 'beat_number': 7, 'depends_on': ['event_6']}, {'id': 'event_8', 'event': 'Amy lets her kids out of the basement as she has successfully protected them from the zombie apocalypse.', 'beat_number': 8, 'depends_on': ['event_7']}]}
Validating macro arc (attempt 1, response attempt 1/10).
Macro arc validation: INVALID — Explicit source majority sequence is under-allocated: The majority of the film is Amy killing (dismembering, decapitating, etc.) zombies as they try and attack her. is materially represented in 2/8 beats; more than half is required.
Repairing macro arc.
Validating macro arc (attempt 2, response attempt 1/10).
Macro arc validation: INVALID — Explicit source majority sequence is under-allocated: The majority of the film is Amy killing (dismembering, decapitating, etc.) zombies as they try and attack her. is materially represented in 3/8 beats; more than half is required.
Repairing macro arc.
Validating macro arc (attempt 3, response attempt 1/10).
Macro arc validation: INVALID — Event 8 describes Amy's kids emerging from the basement, which is already covered in Event 7 where Amy lets her kids out of the basement.
Repairing macro arc.
Validating macro arc (attempt 4, response attempt 1/10).
Macro arc validation: INVALID — Explicit source majority sequence is under-allocated: The majority of the film is Amy killing (dismembering, decapitating, etc.) zombies as they try and attack her. is materially represented in 3/8 beats; more than half is required.
Repairing macro arc.
Validating macro arc (attempt 5, response attempt 1/10).
Macro arc validation: INVALID — Explicit source majority sequence is under-allocated: The majority of the film is Amy killing (dismembering, decapitating, etc.) zombies as they try and attack her. is materially represented in 4/8 beats; more than half is required.
Applied focused ARC majority tail repair.
Validating macro arc (attempt 6, response attempt 1/10).
Macro arc validation: INVALID — Explicit source majority sequence is under-allocated: The majority of the film is Amy killing (dismembering, decapitating, etc.) zombies as they try and attack her. is materially represented in 4/8 beats; more than half is required.
Applied focused ARC majority tail repair.
Validating macro arc (attempt 7, response attempt 1/10).
Macro arc validation: INVALID — The kids helping Amy fight off zombies in event_7 is not supported by the source story.
Repairing macro arc.
Validating macro arc (attempt 8, response attempt 1/10).
Macro arc validation: INVALID — Explicit source majority sequence is under-allocated: The majority of the film is Amy killing (dismembering, decapitating, etc.) zombies as they try and attack her. is materially represented in 4/8 beats; more than half is required.
Applied focused ARC majority tail repair.
Validating macro arc (attempt 9, response attempt 1/10).
Macro arc validation: INVALID — Explicit source majority sequence is under-allocated: The majority of the film is Amy killing (dismembering, decapitating, etc.) zombies as they try and attack her. is materially represented in 4/8 beats; more than half is required.
Focused ARC majority tail repair failed; falling back to complete ARC repair: Required-event set_condition value 'dead' is not lexically grounded in its owning event; missing event word(s): dead.
Repairing macro arc.
Validating macro arc (attempt 10, response attempt 1/10).
Macro arc validation: INVALID — Explicit source majority sequence is under-allocated: The majority of the film is Amy killing (dismembering, decapitating, etc.) zombies as they try and attack her. is materially represented in 4/8 beats; more than half is required.
Focused ARC majority tail repair failed; falling back to complete ARC repair: Required-event set_condition value 'almost_defeated' is not lexically grounded in its owning event; missing event word(s): almost, defeated.
Repairing macro arc.
Macro arc validation/repair budget exhausted; restarting the arc from creation.
Requesting macro arc (attempt 2, response attempt 1/10).
{'events': [{'id': 'event_1', 'event': 'Amy cooks breakfast for her kids in the kitchen.', 'beat_number': 1, 'state_effects': [{'op': 'set_location', 'entity': 'Amy, Will, Amber', 'value': 'kitchen'}, {'op': 'set_clothing', 'entity': 'Amy', 'slot': 'upper', 'item': 'tight black tank top and denim jeans.', 'damage': 'none'}]}, {'id': 'event_2', 'event': 'A zombie breaks the kitchen door window.', 'beat_number': 2, 'depends_on': ['event_1']}, {'id': 'event_3', 'event': 'Amy rushes her kids to the basement and locks them inside.', 'beat_number': 3, 'depends_on': ['event_2']}, {'id': 'event_4', 'event': 'Amy retrieves a pistol and katana from her hidden arsenal.', 'beat_number': 4, 'depends_on': ['event_3']}, {'id': 'event_5', 'event': 'Amy kills zombies as they attack her, dismembering and decapitating them.', 'beat_number': 5, 'depends_on': ['event_4']}, {'id': 'event_6', 'event': 'Amy continues killing zombies until she has eliminated all of them.', 'beat_number': 6, 'depends_on': ['event_5']}, {'id': 'event_7', 'event': "Amy's house is soaked in blood from the zombie attacks.", 'beat_number': 7, 'depends_on': ['event_6']}, {'id': 'event_8', 'event': 'Amy lets her kids out of the basement after killing all the zombies.', 'beat_number': 8, 'depends_on': ['event_7']}]}
Validating macro arc (attempt 1, response attempt 1/10).
Macro arc validation: INVALID — Explicit source majority sequence is under-allocated: The majority of the film is Amy killing (dismembering, decapitating, etc.) zombies as they try and attack her. is materially represented in 2/8 beats; more than half is required.
Repairing macro arc.
Validating macro arc (attempt 2, response attempt 1/10).
Macro arc validation: INVALID — Event 3 includes Amy retrieving her arsenal after locking the kids in the basement, which contradicts the source order.
Repairing macro arc.
Validating macro arc (attempt 3, response attempt 1/10).
Macro arc validation: INVALID — Event 8 introduces new zombies after all have been killed in Event 6
Repairing macro arc.
Validating macro arc (attempt 4, response attempt 1/10).
Macro arc validation: INVALID — Explicit source majority sequence is under-allocated: The majority of the film is Amy killing (dismembering, decapitating, etc.) zombies as they try and attack her. is materially represented in 2/8 beats; more than half is required.
Repairing macro arc.
Validating macro arc (attempt 5, response attempt 1/10).
Macro arc validation: INVALID — Event 3 combines Amy rushing her kids to the basement and locking them inside with retrieving a pistol and katana from her hidden arsenal, which are separate actions in the source.
Repairing macro arc.
Validating macro arc (attempt 6, response attempt 1/10).
Macro arc validation: INVALID — Explicit source majority sequence is under-allocated: The majority of the film is Amy killing (dismembering, decapitating, etc.) zombies as they try and attack her. is materially represented in 2/8 beats; more than half is required.
Repairing macro arc.
Validating macro arc (attempt 7, response attempt 1/10).
Macro arc validation: INVALID — Event 3 combines Amy rushing her kids to the basement and locking them inside with retrieving a pistol and katana from her hidden arsenal, which are separate actions in the source.
Repairing macro arc.
Validating macro arc (attempt 8, response attempt 1/10).
Macro arc validation: INVALID — Explicit source majority sequence is under-allocated: The majority of the film is Amy killing (dismembering, decapitating, etc.) zombies as they try and attack her. is materially represented in 2/8 beats; more than half is required.
Repairing macro arc.
Validating macro arc (attempt 9, response attempt 1/10).
Macro arc validation: INVALID — Event 3 combines Amy rushing her kids to the basement and locking them inside with retrieving a pistol and katana from her hidden arsenal, which are separate actions in the source.
Repairing macro arc.
Validating macro arc (attempt 10, response attempt 1/10).
Macro arc validation: INVALID — Explicit source majority sequence is under-allocated: The majority of the film is Amy killing (dismembering, decapitating, etc.) zombies as they try and attack her. is materially represented in 2/8 beats; more than half is required.
Repairing macro arc.
Macro arc validation/repair budget exhausted; restarting the arc from creation.
Requesting macro arc (attempt 3, response attempt 1/10).
{'events': [{'id': 'event_1', 'event': 'Amy cooks breakfast for her kids in the kitchen.', 'beat_number': 1, 'state_effects': [{'op': 'set_location', 'entity': 'Amy, Will, Amber', 'value': 'kitchen'}, {'op': 'set_clothing', 'entity': 'Amy', 'slot': 'upper', 'item': 'tight black tank top and denim jeans.', 'damage': 'none'}]}, {'id': 'event_2', 'event': 'A zombie breaks the kitchen door window.', 'beat_number': 2, 'depends_on': ['event_1']}, {'id': 'event_3', 'event': 'Amy rushes her kids to the basement and locks them inside.', 'beat_number': 3, 'depends_on': ['event_2']}, {'id': 'event_4', 'event': 'Amy retrieves a pistol and katana from her hidden arsenal.', 'beat_number': 4, 'depends_on': ['event_3']}, {'id': 'event_5', 'event': 'Amy kills zombies as they attack her, dismembering and decapitating them.', 'beat_number': 5, 'depends_on': ['event_4']}, {'id': 'event_6', 'event': 'Amy continues killing zombies until she has eliminated all of them.', 'beat_number': 6, 'depends_on': ['event_5']}, {'id': 'event_7', 'event': "Amy's house is soaked in blood from the zombie attacks.", 'beat_number': 7, 'depends_on': ['event_6']}, {'id': 'event_8', 'event': 'Amy lets her kids out of the basement after killing all the zombies.', 'beat_number': 8, 'depends_on': ['event_7']}]}
Validating macro arc (attempt 1, response attempt 1/10).
Macro arc validation: INVALID — Explicit source majority sequence is under-allocated: The majority of the film is Amy killing (dismembering, decapitating, etc.) zombies as they try and attack her. is materially represented in 2/8 beats; more than half is required.
Repairing macro arc.
Validating macro arc (attempt 2, response attempt 1/10).
Macro arc validation: INVALID — Event 3 includes Amy retrieving her arsenal after locking the kids in the basement, which contradicts the source order.
Repairing macro arc.
Validating macro arc (attempt 3, response attempt 1/10).
Macro arc validation: INVALID — Event 7 introduces more zombies after event 6 states that Amy has eliminated all of them.
Repairing macro arc.
Validating macro arc (attempt 4, response attempt 1/10).
Macro arc validation: INVALID — Explicit source majority sequence is under-allocated: The majority of the film is Amy killing (dismembering, decapitating, etc.) zombies as they try and attack her. is materially represented in 2/8 beats; more than half is required.
Repairing macro arc.
Validating macro arc (attempt 5, response attempt 1/10).
Macro arc validation: INVALID — Event 3 includes Amy retrieving her arsenal after locking the kids in the basement, which contradicts the source order.
Repairing macro arc.
Validating macro arc (attempt 6, response attempt 1/10).
Macro arc validation: INVALID — Event 8 introduces more zombies after all have been killed in Event 6
Repairing macro arc.
Validating macro arc (attempt 7, response attempt 1/10).
Macro arc validation: INVALID — Explicit source majority sequence is under-allocated: The majority of the film is Amy killing (dismembering, decapitating, etc.) zombies as they try and attack her. is materially represented in 2/8 beats; more than half is required.
Repairing macro arc.
Validating macro arc (attempt 8, response attempt 1/10).
Macro arc validation: INVALID — Event 3 combines Amy rushing her kids to the basement and locking them inside with retrieving a pistol and katana from her hidden arsenal, which are separate actions in the source.
Repairing macro arc.
Validating macro arc (attempt 9, response attempt 1/10).
Macro arc validation: INVALID — Event 8 introduces a new major plot event not authorized by the source: Amy prepares to defend against any remaining threats.
Repairing macro arc.
Validating macro arc (attempt 10, response attempt 1/10).
Macro arc validation: INVALID — Explicit source majority sequence is under-allocated: The majority of the film is Amy killing (dismembering, decapitating, etc.) zombies as they try and attack her. is materially represented in 2/8 beats; more than half is required.
Repairing macro arc.
Macro arc validation/repair budget exhausted; restarting the arc from creation.
Requesting macro arc (attempt 4, response attempt 1/10).
{'events': [{'id': 'event_1', 'event': 'Amy cooks breakfast for her kids in the kitchen.', 'beat_number': 1, 'state_effects': [{'op': 'set_location', 'entity': 'Amy, Will, Amber', 'value': 'kitchen'}, {'op': 'set_clothing', 'entity': 'Amy', 'slot': 'upper', 'item': 'tight black tank top and denim jeans.', 'damage': 'none'}]}, {'id': 'event_2', 'event': 'A zombie breaks the kitchen door window.', 'beat_number': 2, 'depends_on': ['event_1']}, {'id': 'event_3', 'event': 'Amy rushes her kids to the basement and locks them inside.', 'beat_number': 3, 'depends_on': ['event_2']}, {'id': 'event_4', 'event': 'Amy retrieves a pistol and katana from her hidden arsenal.', 'beat_number': 4, 'depends_on': ['event_3']}, {'id': 'event_5', 'event': 'Amy kills zombies as they attack her, dismembering and decapitating them.', 'beat_number': 5, 'depends_on': ['event_4']}, {'id': 'event_6', 'event': 'Amy continues killing zombies until she has eliminated all of them.', 'beat_number': 6, 'depends_on': ['event_5']}, {'id': 'event_7', 'event': "Amy's house is soaked in blood from the zombie attacks.", 'beat_number': 7, 'depends_on': ['event_6']}, {'id': 'event_8', 'event': 'Amy lets her kids out of the basement after killing all the zombies.', 'beat_number': 8, 'depends_on': ['event_7']}]}
Validating macro arc (attempt 1, response attempt 1/10).
Macro arc validation: INVALID — Explicit source majority sequence is under-allocated: The majority of the film is Amy killing (dismembering, decapitating, etc.) zombies as they try and attack her. is materially represented in 2/8 beats; more than half is required.
Repairing macro arc.
Validating macro arc (attempt 2, response attempt 1/10).
Macro arc validation: INVALID — Event 3 combines Amy rushing her kids to the basement and locking them inside with retrieving a pistol and katana from her hidden arsenal, which are separate actions in the source.
Repairing macro arc.
Validating macro arc (attempt 3, response attempt 1/10).
Macro arc validation: INVALID — Event 7 introduces more zombies after event 6 states that Amy has eliminated all of them.
Repairing macro arc.
Validating macro arc (attempt 4, response attempt 1/10).
Macro arc validation: INVALID — Explicit source majority sequence is under-allocated: The majority of the film is Amy killing (dismembering, decapitating, etc.) zombies as they try and attack her. is materially represented in 2/8 beats; more than half is required.
Repairing macro arc.
Validating macro arc (attempt 5, response attempt 1/10).
Macro arc validation: INVALID — Event 3 includes Amy retrieving her arsenal after locking the kids in the basement, which contradicts the source order.
Repairing macro arc.
Validating macro arc (attempt 6, response attempt 1/10).
Macro arc validation: INVALID — Event 8 introduces more zombies after all have been killed in Event 6
Repairing macro arc.
Validating macro arc (attempt 7, response attempt 1/10).
Macro arc validation: INVALID — Explicit source majority sequence is under-allocated: The majority of the film is Amy killing (dismembering, decapitating, etc.) zombies as they try and attack her. is materially represented in 2/8 beats; more than half is required.
Repairing macro arc.
Validating macro arc (attempt 8, response attempt 1/10).
Macro arc validation: INVALID — Event 3 combines Amy rushing her kids to the basement and locking them inside with retrieving a pistol and katana from her hidden arsenal, which are separate actions in the source.
Repairing macro arc.
Validating macro arc (attempt 9, response attempt 1/10).
Macro arc validation: INVALID — Event 8 introduces a new major plot event not authorized by the source: Amy prepares to defend against any remaining threats.
Repairing macro arc.
Validating macro arc (attempt 10, response attempt 1/10).
Macro arc validation: INVALID — Explicit source majority sequence is under-allocated: The majority of the film is Amy killing (dismembering, decapitating, etc.) zombies as they try and attack her. is materially represented in 2/8 beats; more than half is required.
Repairing macro arc.
Macro arc validation/repair budget exhausted; restarting the arc from creation.
Requesting macro arc (attempt 5, response attempt 1/10).
{'events': [{'id': 'event_1', 'event': 'Amy cooks breakfast for her kids in the kitchen.', 'beat_number': 1, 'state_effects': [{'op': 'set_location', 'entity': 'Amy, Will, Amber', 'value': 'kitchen'}, {'op': 'set_clothing', 'entity': 'Amy', 'slot': 'upper', 'item': 'tight black tank top and denim jeans.', 'damage': 'none'}]}, {'id': 'event_2', 'event': 'A zombie breaks the kitchen door window.', 'beat_number': 2, 'depends_on': ['event_1']}, {'id': 'event_3', 'event': 'Amy rushes her kids to the basement and locks them inside.', 'beat_number': 3, 'depends_on': ['event_2']}, {'id': 'event_4', 'event': 'Amy retrieves a pistol and katana from her hidden arsenal.', 'beat_number': 4, 'depends_on': ['event_3']}, {'id': 'event_5', 'event': 'Amy kills zombies as they attack her, dismembering and decapitating them.', 'beat_number': 5, 'depends_on': ['event_4']}, {'id': 'event_6', 'event': 'Amy continues killing zombies until she has eliminated all of them.', 'beat_number': 6, 'depends_on': ['event_5']}, {'id': 'event_7', 'event': "Amy's house is soaked in blood from the zombie attacks.", 'beat_number': 7, 'depends_on': ['event_6']}, {'id': 'event_8', 'event': 'Amy lets her kids out of the basement after killing all the zombies.', 'beat_number': 8, 'depends_on': ['event_7']}]}
Validating macro arc (attempt 1, response attempt 1/10).
Macro arc validation: INVALID — Explicit source majority sequence is under-allocated: The majority of the film is Amy killing (dismembering, decapitating, etc.) zombies as they try and attack her. is materially represented in 2/8 beats; more than half is required.
Repairing macro arc.
Validating macro arc (attempt 2, response attempt 1/10).
Macro arc validation: INVALID — Event 3 combines Amy rushing her kids to the basement and locking them inside with retrieving a pistol and katana from her hidden arsenal, which are separate actions in the source.
Repairing macro arc.
Validating macro arc (attempt 3, response attempt 1/10).
Macro arc validation: INVALID — Event 7 introduces more zombies after event 6 states that Amy has eliminated all of them.
Repairing macro arc.
Validating macro arc (attempt 4, response attempt 1/10).
Macro arc validation: INVALID — Explicit source majority sequence is under-allocated: The majority of the film is Amy killing (dismembering, decapitating, etc.) zombies as they try and attack her. is materially represented in 2/8 beats; more than half is required.
Repairing macro arc.
Validating macro arc (attempt 5, response attempt 1/10).
Macro arc validation: INVALID — Event 3 includes Amy retrieving her arsenal after locking the kids in the basement, which contradicts the source order.
Repairing macro arc.
Validating macro arc (attempt 6, response attempt 1/10).
Macro arc validation: INVALID — Event 8 introduces more zombies after all have been killed in Event 6
Repairing macro arc.
Validating macro arc (attempt 7, response attempt 1/10).
Macro arc validation: INVALID — Explicit source majority sequence is under-allocated: The majority of the film is Amy killing (dismembering, decapitating, etc.) zombies as they try and attack her. is materially represented in 2/8 beats; more than half is required.
Repairing macro arc.
Validating macro arc (attempt 8, response attempt 1/10).
Macro arc validation: INVALID — Event 3 combines Amy rushing her kids to the basement and locking them inside with retrieving a pistol and katana from her hidden arsenal, which are separate actions in the source.
Repairing macro arc.
Validating macro arc (attempt 9, response attempt 1/10).
Macro arc validation: INVALID — Event 8 introduces a new major plot event not authorized by the source: Amy prepares to defend against any remaining threats.
Repairing macro arc.
Validating macro arc (attempt 10, response attempt 1/10).
Macro arc validation: INVALID — Explicit source majority sequence is under-allocated: The majority of the film is Amy killing (dismembering, decapitating, etc.) zombies as they try and attack her. is materially represented in 2/8 beats; more than half is required.
Repairing macro arc.
Macro arc validation/repair budget exhausted; restarting the arc from creation.
Requesting macro arc (attempt 6, response attempt 1/10).
{'events': [{'id': 'event_1', 'event': 'Amy cooks breakfast for her kids in the kitchen.', 'beat_number': 1, 'state_effects': [{'op': 'set_location', 'entity': 'Amy, Will, Amber', 'value': 'kitchen'}, {'op': 'set_clothing', 'entity': 'Amy', 'slot': 'upper', 'item': 'tight black tank top and denim jeans.', 'damage': 'none'}]}, {'id': 'event_2', 'event': 'A zombie breaks the kitchen door window.', 'beat_number': 2, 'depends_on': ['event_1']}, {'id': 'event_3', 'event': 'Amy rushes her kids to the basement and locks them inside.', 'beat_number': 3, 'depends_on': ['event_2']}, {'id': 'event_4', 'event': 'Amy retrieves a pistol and katana from her hidden arsenal.', 'beat_number': 4, 'depends_on': ['event_3']}, {'id': 'event_5', 'event': 'Amy kills zombies as they attack her, dismembering and decapitating them.', 'beat_number': 5, 'depends_on': ['event_4']}, {'id': 'event_6', 'event': 'Amy continues killing zombies until she has eliminated all of them.', 'beat_number': 6, 'depends_on': ['event_5']}, {'id': 'event_7', 'event': "Amy's house is soaked in blood from the zombie attacks.", 'beat_number': 7, 'depends_on': ['event_6']}, {'id': 'event_8', 'event': 'Amy lets her kids out of the basement after killing all the zombies.', 'beat_number': 8, 'depends_on': ['event_7']}]}
Validating macro arc (attempt 1, response attempt 1/10).
Macro arc validation: INVALID — Explicit source majority sequence is under-allocated: The majority of the film is Amy killing (dismembering, decapitating, etc.) zombies as they try and attack her. is materially represented in 2/8 beats; more than half is required.
Repairing macro arc.
Validating macro arc (attempt 2, response attempt 1/10).
